mode: atomic
advanced-sftp-exporter/internal/cache/cache.go:19.34,21.2 1 0
advanced-sftp-exporter/internal/cache/cache.go:30.30,34.2 1 0
advanced-sftp-exporter/internal/cache/cache.go:37.74,50.2 4 0
advanced-sftp-exporter/internal/cache/cache.go:54.62,59.13 4 0
advanced-sftp-exporter/internal/cache/cache.go:59.13,61.3 1 0
advanced-sftp-exporter/internal/cache/cache.go:63.2,63.23 1 0
advanced-sftp-exporter/internal/cache/cache.go:63.23,67.3 3 0
advanced-sftp-exporter/internal/cache/cache.go:69.2,70.33 2 0
advanced-sftp-exporter/internal/cache/cache.go:74.113,77.23 2 0
advanced-sftp-exporter/internal/cache/cache.go:77.23,79.3 1 0
advanced-sftp-exporter/internal/cache/cache.go:82.2,83.16 2 0
advanced-sftp-exporter/internal/cache/cache.go:83.16,85.3 1 0
advanced-sftp-exporter/internal/cache/cache.go:88.2,89.22 2 0
advanced-sftp-exporter/internal/cache/cache.go:93.44,98.12 4 0
advanced-sftp-exporter/internal/cache/cache.go:98.12,100.3 1 0
advanced-sftp-exporter/internal/cache/cache.go:101.2,101.15 1 0
advanced-sftp-exporter/internal/cache/cache.go:105.28,110.2 3 0
advanced-sftp-exporter/internal/cache/cache.go:113.34,118.33 4 0
advanced-sftp-exporter/internal/cache/cache.go:118.33,119.24 1 0
advanced-sftp-exporter/internal/cache/cache.go:119.24,122.4 2 0
advanced-sftp-exporter/internal/cache/cache.go:124.2,124.16 1 0
advanced-sftp-exporter/internal/cache/cache.go:128.31,134.31 5 0
advanced-sftp-exporter/internal/cache/cache.go:134.31,135.34 1 0
advanced-sftp-exporter/internal/cache/cache.go:135.34,137.4 1 0
advanced-sftp-exporter/internal/cache/cache.go:139.2,139.14 1 0
advanced-sftp-exporter/internal/cache/cache.go:143.54,152.31 7 0
advanced-sftp-exporter/internal/cache/cache.go:152.31,155.24 3 0
advanced-sftp-exporter/internal/cache/cache.go:155.24,157.4 1 0
advanced-sftp-exporter/internal/cache/cache.go:160.2,161.31 2 0
advanced-sftp-exporter/internal/cache/cache.go:161.31,163.3 1 0
advanced-sftp-exporter/internal/cache/cache.go:165.2,172.3 1 0
advanced-sftp-exporter/internal/cache/cache.go:181.38,185.2 1 0
advanced-sftp-exporter/internal/cache/cache.go:188.63,190.23 2 0
advanced-sftp-exporter/internal/cache/cache.go:190.23,191.36 1 0
advanced-sftp-exporter/internal/cache/cache.go:191.36,193.4 1 0
advanced-sftp-exporter/internal/cache/cache.go:195.2,195.18 1 0
advanced-sftp-exporter/internal/cache/cache.go:199.82,201.2 1 0
advanced-sftp-exporter/internal/cache/cache.go:204.112,205.48 1 0
advanced-sftp-exporter/internal/cache/cache.go:205.48,207.3 1 0
advanced-sftp-exporter/internal/cache/cache.go:209.2,210.16 2 0
advanced-sftp-exporter/internal/cache/cache.go:210.16,212.3 1 0
advanced-sftp-exporter/internal/cache/cache.go:214.2,215.20 2 0
advanced-sftp-exporter/internal/cache/cache.go:219.39,221.2 1 0
advanced-sftp-exporter/internal/cache/cache.go:224.59,226.2 1 0
advanced-sftp-exporter/internal/anomaly/scorer.go:52.40,56.2 1 0
advanced-sftp-exporter/internal/anomaly/scorer.go:59.81,63.49 3 0
advanced-sftp-exporter/internal/anomaly/scorer.go:63.49,71.3 1 0
advanced-sftp-exporter/internal/anomaly/scorer.go:73.2,78.43 4 0
advanced-sftp-exporter/internal/anomaly/scorer.go:78.43,80.3 1 0
advanced-sftp-exporter/internal/anomaly/scorer.go:84.75,89.50 4 0
advanced-sftp-exporter/internal/anomaly/scorer.go:89.50,102.3 1 0
advanced-sftp-exporter/internal/anomaly/scorer.go:104.2,122.37 7 0
advanced-sftp-exporter/internal/anomaly/scorer.go:122.37,125.3 2 0
advanced-sftp-exporter/internal/anomaly/scorer.go:125.8,125.44 1 0
advanced-sftp-exporter/internal/anomaly/scorer.go:125.44,128.3 2 0
advanced-sftp-exporter/internal/anomaly/scorer.go:128.8,128.44 1 0
advanced-sftp-exporter/internal/anomaly/scorer.go:128.44,131.3 2 0
advanced-sftp-exporter/internal/anomaly/scorer.go:131.8,133.3 1 0
advanced-sftp-exporter/internal/anomaly/scorer.go:135.2,135.14 1 0
advanced-sftp-exporter/internal/anomaly/scorer.go:139.86,140.40 1 0
advanced-sftp-exporter/internal/anomaly/scorer.go:140.40,142.3 1 0
advanced-sftp-exporter/internal/anomaly/scorer.go:145.2,149.46 4 0
advanced-sftp-exporter/internal/anomaly/scorer.go:149.46,150.44 1 0
advanced-sftp-exporter/internal/anomaly/scorer.go:150.44,152.4 1 0
advanced-sftp-exporter/internal/anomaly/scorer.go:152.9,152.52 1 0
advanced-sftp-exporter/internal/anomaly/scorer.go:152.52,154.4 1 0
advanced-sftp-exporter/internal/anomaly/scorer.go:157.2,157.16 1 0
advanced-sftp-exporter/internal/anomaly/scorer.go:157.16,159.3 1 0
advanced-sftp-exporter/internal/anomaly/scorer.go:162.2,166.19 4 0
advanced-sftp-exporter/internal/anomaly/scorer.go:166.19,168.3 1 0
advanced-sftp-exporter/internal/anomaly/scorer.go:170.2,172.15 2 0
advanced-sftp-exporter/internal/anomaly/scorer.go:172.15,174.3 1 0
advanced-sftp-exporter/internal/anomaly/scorer.go:176.2,176.14 1 0
advanced-sftp-exporter/internal/anomaly/scorer.go:180.80,181.39 1 0
advanced-sftp-exporter/internal/anomaly/scorer.go:181.39,183.3 1 0
advanced-sftp-exporter/internal/anomaly/scorer.go:186.2,187.46 2 0
advanced-sftp-exporter/internal/anomaly/scorer.go:187.46,189.3 1 0
advanced-sftp-exporter/internal/anomaly/scorer.go:192.2,195.33 3 0
advanced-sftp-exporter/internal/anomaly/scorer.go:195.33,197.12 2 0
advanced-sftp-exporter/internal/anomaly/scorer.go:197.12,199.4 1 0
advanced-sftp-exporter/internal/anomaly/scorer.go:203.2,204.20 2 0
advanced-sftp-exporter/internal/anomaly/scorer.go:204.20,206.3 1 0
advanced-sftp-exporter/internal/anomaly/scorer.go:210.2,210.22 1 0
advanced-sftp-exporter/internal/anomaly/scorer.go:214.84,215.40 1 0
advanced-sftp-exporter/internal/anomaly/scorer.go:215.40,217.3 1 0
advanced-sftp-exporter/internal/anomaly/scorer.go:220.2,221.46 2 0
advanced-sftp-exporter/internal/anomaly/scorer.go:221.46,224.3 2 0
advanced-sftp-exporter/internal/anomaly/scorer.go:227.2,228.33 2 0
advanced-sftp-exporter/internal/anomaly/scorer.go:228.33,229.23 1 0
advanced-sftp-exporter/internal/anomaly/scorer.go:229.23,231.4 1 0
advanced-sftp-exporter/internal/anomaly/scorer.go:235.2,239.19 4 0
advanced-sftp-exporter/internal/anomaly/scorer.go:239.19,241.3 1 0
advanced-sftp-exporter/internal/anomaly/scorer.go:244.2,245.19 2 0
advanced-sftp-exporter/internal/anomaly/scorer.go:245.19,247.3 1 0
advanced-sftp-exporter/internal/anomaly/scorer.go:249.2,249.18 1 0
advanced-sftp-exporter/internal/anomaly/scorer.go:253.88,254.39 1 0
advanced-sftp-exporter/internal/anomaly/scorer.go:254.39,256.3 1 0
advanced-sftp-exporter/internal/anomaly/scorer.go:258.2,262.55 3 0
advanced-sftp-exporter/internal/anomaly/scorer.go:262.55,271.40 5 0
advanced-sftp-exporter/internal/anomaly/scorer.go:271.40,273.4 1 0
advanced-sftp-exporter/internal/anomaly/scorer.go:276.3,276.54 1 0
advanced-sftp-exporter/internal/anomaly/scorer.go:276.54,278.4 1 0
advanced-sftp-exporter/internal/anomaly/scorer.go:281.2,281.25 1 0
advanced-sftp-exporter/internal/anomaly/scorer.go:281.25,283.3 1 0
advanced-sftp-exporter/internal/anomaly/scorer.go:285.2,286.15 2 0
advanced-sftp-exporter/internal/anomaly/scorer.go:286.15,288.3 1 0
advanced-sftp-exporter/internal/anomaly/scorer.go:290.2,290.14 1 0
advanced-sftp-exporter/internal/anomaly/scorer.go:294.60,302.42 6 0
advanced-sftp-exporter/internal/anomaly/scorer.go:302.42,304.3 1 0
advanced-sftp-exporter/internal/anomaly/scorer.go:306.2,310.3 1 0
advanced-sftp-exporter/internal/anomaly/scorer.go:314.67,319.13 4 0
advanced-sftp-exporter/internal/anomaly/scorer.go:319.13,321.3 1 0
advanced-sftp-exporter/internal/anomaly/scorer.go:324.2,334.3 1 0
advanced-sftp-exporter/internal/anomaly/scorer.go:338.50,340.22 2 0
advanced-sftp-exporter/internal/anomaly/scorer.go:340.22,342.3 1 0
advanced-sftp-exporter/internal/anomaly/scorer.go:343.2,343.15 1 0
advanced-sftp-exporter/internal/anomaly/scorer.go:347.47,349.22 2 0
advanced-sftp-exporter/internal/anomaly/scorer.go:349.22,351.3 1 0
advanced-sftp-exporter/internal/anomaly/scorer.go:352.2,352.15 1 0
advanced-sftp-exporter/internal/anomaly/scorer.go:356.41,359.2 1 0
advanced-sftp-exporter/internal/cardinality/limiter.go:15.30,19.2 1 0
advanced-sftp-exporter/internal/cardinality/limiter.go:22.44,26.43 3 0
advanced-sftp-exporter/internal/cardinality/limiter.go:26.43,28.3 1 0
advanced-sftp-exporter/internal/cardinality/limiter.go:29.2,30.13 2 0
advanced-sftp-exporter/internal/cardinality/limiter.go:34.49,40.2 4 0
advanced-sftp-exporter/internal/cardinality/limiter.go:43.32,48.2 3 0
advanced-sftp-exporter/internal/cardinality/limiter.go:51.39,56.31 4 0
advanced-sftp-exporter/internal/cardinality/limiter.go:56.31,58.3 1 0
advanced-sftp-exporter/internal/cardinality/limiter.go:59.2,59.15 1 0
advanced-sftp-exporter/internal/cardinality/limiter.go:74.43,84.2 1 0
advanced-sftp-exporter/internal/cardinality/limiter.go:100.87,110.2 1 0
advanced-sftp-exporter/internal/cardinality/limiter.go:114.62,118.29 3 0
advanced-sftp-exporter/internal/cardinality/limiter.go:118.29,120.3 1 0
advanced-sftp-exporter/internal/cardinality/limiter.go:122.2,122.48 1 0
advanced-sftp-exporter/internal/cardinality/limiter.go:122.48,127.3 3 0
advanced-sftp-exporter/internal/cardinality/limiter.go:129.2,133.47 3 0
advanced-sftp-exporter/internal/cardinality/limiter.go:133.47,136.3 1 0
advanced-sftp-exporter/internal/cardinality/limiter.go:138.2,138.13 1 0
advanced-sftp-exporter/internal/cardinality/limiter.go:142.71,146.40 3 0
advanced-sftp-exporter/internal/cardinality/limiter.go:146.40,148.3 1 0
advanced-sftp-exporter/internal/cardinality/limiter.go:150.2,150.31 1 0
advanced-sftp-exporter/internal/cardinality/limiter.go:150.31,152.3 1 0
advanced-sftp-exporter/internal/cardinality/limiter.go:154.2,154.50 1 0
advanced-sftp-exporter/internal/cardinality/limiter.go:154.50,159.3 3 0
advanced-sftp-exporter/internal/cardinality/limiter.go:161.2,162.13 2 0
advanced-sftp-exporter/internal/cardinality/limiter.go:166.70,170.37 3 0
advanced-sftp-exporter/internal/cardinality/limiter.go:170.37,172.3 1 0
advanced-sftp-exporter/internal/cardinality/limiter.go:174.2,174.56 1 0
advanced-sftp-exporter/internal/cardinality/limiter.go:174.56,177.3 2 0
advanced-sftp-exporter/internal/cardinality/limiter.go:179.2,183.47 3 0
advanced-sftp-exporter/internal/cardinality/limiter.go:183.47,186.3 1 0
advanced-sftp-exporter/internal/cardinality/limiter.go:188.2,188.13 1 0
advanced-sftp-exporter/internal/cardinality/limiter.go:192.70,196.37 3 0
advanced-sftp-exporter/internal/cardinality/limiter.go:196.37,198.3 1 0
advanced-sftp-exporter/internal/cardinality/limiter.go:200.2,200.54 1 0
advanced-sftp-exporter/internal/cardinality/limiter.go:200.54,203.3 2 0
advanced-sftp-exporter/internal/cardinality/limiter.go:205.2,206.13 2 0
advanced-sftp-exporter/internal/cardinality/limiter.go:210.65,215.31 4 0
advanced-sftp-exporter/internal/cardinality/limiter.go:215.31,217.3 1 0
advanced-sftp-exporter/internal/cardinality/limiter.go:219.2,229.3 1 0
advanced-sftp-exporter/internal/cardinality/limiter.go:233.63,237.43 3 0
advanced-sftp-exporter/internal/cardinality/limiter.go:237.43,239.3 1 0
advanced-sftp-exporter/internal/cardinality/limiter.go:240.2,240.10 1 0
advanced-sftp-exporter/file_integrity_monitor.go:22.13,24.2 1 0
advanced-sftp-exporter/file_integrity_monitor.go:26.29,28.6 2 0
advanced-sftp-exporter/file_integrity_monitor.go:28.6,29.38 1 0
advanced-sftp-exporter/file_integrity_monitor.go:29.38,31.18 2 0
advanced-sftp-exporter/file_integrity_monitor.go:31.18,33.13 2 0
advanced-sftp-exporter/file_integrity_monitor.go:35.4,36.65 2 0
advanced-sftp-exporter/file_integrity_monitor.go:36.65,38.5 1 0
advanced-sftp-exporter/file_integrity_monitor.go:38.10,40.5 1 0
advanced-sftp-exporter/file_integrity_monitor.go:41.4,41.36 1 0
advanced-sftp-exporter/file_integrity_monitor.go:43.3,43.31 1 0
advanced-sftp-exporter/historical_metrics.go:19.13,21.2 1 0
advanced-sftp-exporter/historical_metrics.go:23.33,24.6 1 0
advanced-sftp-exporter/historical_metrics.go:24.6,29.3 2 0
advanced-sftp-exporter/main.go:595.13,657.45 49 0
advanced-sftp-exporter/main.go:657.45,659.3 1 0
advanced-sftp-exporter/main.go:661.2,662.16 2 0
advanced-sftp-exporter/main.go:662.16,665.3 2 0
advanced-sftp-exporter/main.go:665.8,667.17 2 0
advanced-sftp-exporter/main.go:667.17,670.4 2 0
advanced-sftp-exporter/main.go:670.9,672.4 1 0
advanced-sftp-exporter/main.go:676.13,690.18 11 0
advanced-sftp-exporter/main.go:690.18,696.3 5 0
advanced-sftp-exporter/main.go:699.2,703.48 3 0
advanced-sftp-exporter/main.go:703.48,705.3 1 0
advanced-sftp-exporter/main.go:708.2,709.50 2 0
advanced-sftp-exporter/main.go:710.15,711.34 1 0
advanced-sftp-exporter/main.go:712.14,713.33 1 0
advanced-sftp-exporter/main.go:714.15,715.34 1 0
advanced-sftp-exporter/main.go:717.2,726.79 4 0
advanced-sftp-exporter/main.go:726.79,728.3 1 0
advanced-sftp-exporter/main.go:729.2,729.84 1 0
advanced-sftp-exporter/main.go:729.84,731.3 1 0
advanced-sftp-exporter/main.go:733.2,739.48 2 0
advanced-sftp-exporter/main.go:739.48,741.3 1 0
advanced-sftp-exporter/main.go:743.2,743.23 1 0
advanced-sftp-exporter/main.go:743.23,745.3 1 0
advanced-sftp-exporter/main.go:747.2,747.19 1 0
advanced-sftp-exporter/main.go:747.19,749.3 1 0
advanced-sftp-exporter/main.go:751.2,751.27 1 0
advanced-sftp-exporter/main.go:751.27,753.3 1 0
advanced-sftp-exporter/main.go:755.2,755.25 1 0
advanced-sftp-exporter/main.go:755.25,757.17 2 0
advanced-sftp-exporter/main.go:757.17,759.4 1 0
advanced-sftp-exporter/main.go:760.3,760.16 1 0
advanced-sftp-exporter/main.go:764.2,764.21 1 0
advanced-sftp-exporter/main.go:764.21,767.17 3 0
advanced-sftp-exporter/main.go:767.17,769.4 1 0
advanced-sftp-exporter/main.go:773.2,812.12 22 0
advanced-sftp-exporter/main.go:812.12,813.7 1 0
advanced-sftp-exporter/main.go:813.7,818.4 2 0
advanced-sftp-exporter/main.go:822.2,845.12 18 0
advanced-sftp-exporter/main.go:845.12,848.22 3 0
advanced-sftp-exporter/main.go:848.22,850.4 1 0
advanced-sftp-exporter/main.go:854.2,854.12 1 0
advanced-sftp-exporter/main.go:854.12,857.22 3 0
advanced-sftp-exporter/main.go:857.22,859.4 1 0
advanced-sftp-exporter/main.go:863.2,892.12 11 0
advanced-sftp-exporter/main.go:892.12,895.20 3 0
advanced-sftp-exporter/main.go:895.20,897.4 1 0
advanced-sftp-exporter/main.go:897.9,899.4 1 0
advanced-sftp-exporter/main.go:900.3,900.48 1 0
advanced-sftp-exporter/main.go:900.48,902.4 1 0
advanced-sftp-exporter/main.go:906.2,910.26 3 0
advanced-sftp-exporter/main.go:910.26,911.50 1 0
advanced-sftp-exporter/main.go:911.50,913.4 1 0
advanced-sftp-exporter/main.go:917.2,918.28 2 0
advanced-sftp-exporter/main.go:918.28,921.3 2 0
advanced-sftp-exporter/main.go:924.2,927.53 3 0
advanced-sftp-exporter/main.go:927.53,929.3 1 0
advanced-sftp-exporter/main.go:931.2,931.34 1 0
advanced-sftp-exporter/main.go:973.22,977.6 3 0
advanced-sftp-exporter/main.go:977.6,984.52 5 0
advanced-sftp-exporter/main.go:984.52,987.4 2 0
advanced-sftp-exporter/main.go:987.9,991.4 2 0
advanced-sftp-exporter/main.go:995.27,997.85 1 0
advanced-sftp-exporter/main.go:997.85,1000.24 3 0
advanced-sftp-exporter/main.go:1000.24,1002.4 1 0
advanced-sftp-exporter/main.go:1003.8,1005.3 1 0
advanced-sftp-exporter/main.go:1008.2,1009.32 2 0
advanced-sftp-exporter/main.go:1009.32,1012.3 2 0
advanced-sftp-exporter/main.go:1013.2,1014.14 2 0
advanced-sftp-exporter/main.go:1017.34,1019.16 2 0
advanced-sftp-exporter/main.go:1019.16,1022.3 2 0
advanced-sftp-exporter/main.go:1024.2,1026.29 3 0
advanced-sftp-exporter/main.go:1026.29,1028.55 2 0
advanced-sftp-exporter/main.go:1028.55,1030.9 2 0
advanced-sftp-exporter/main.go:1033.2,1034.14 2 0
advanced-sftp-exporter/main.go:1037.47,1039.16 2 0
advanced-sftp-exporter/main.go:1039.16,1042.3 2 0
advanced-sftp-exporter/main.go:1044.2,1044.57 1 0
advanced-sftp-exporter/main.go:1044.57,1046.77 2 0
advanced-sftp-exporter/main.go:1046.77,1049.4 2 0
advanced-sftp-exporter/main.go:1051.2,1052.14 2 0
advanced-sftp-exporter/main.go:1056.40,1058.16 2 0
advanced-sftp-exporter/main.go:1058.16,1060.3 1 0
advanced-sftp-exporter/main.go:1061.2,1065.21 4 0
advanced-sftp-exporter/main.go:1065.21,1068.21 3 0
advanced-sftp-exporter/main.go:1068.21,1069.12 1 0
advanced-sftp-exporter/main.go:1071.3,1073.71 3 0
advanced-sftp-exporter/main.go:1073.71,1075.4 1 0
advanced-sftp-exporter/main.go:1077.2,1077.29 1 0
advanced-sftp-exporter/main.go:1080.41,1082.16 2 0
advanced-sftp-exporter/main.go:1082.16,1084.3 1 0
advanced-sftp-exporter/main.go:1085.2,1087.36 3 0
advanced-sftp-exporter/main.go:1087.36,1089.3 1 0
advanced-sftp-exporter/main.go:1090.2,1090.10 1 0
advanced-sftp-exporter/main.go:1094.54,1096.2 1 0
advanced-sftp-exporter/main.go:1098.33,1100.16 2 0
advanced-sftp-exporter/main.go:1100.16,1103.3 2 0
advanced-sftp-exporter/main.go:1104.2,1109.21 4 0
advanced-sftp-exporter/main.go:1109.21,1112.21 3 0
advanced-sftp-exporter/main.go:1112.21,1113.12 1 0
advanced-sftp-exporter/main.go:1116.3,1125.39 7 0
advanced-sftp-exporter/main.go:1125.39,1127.12 2 0
advanced-sftp-exporter/main.go:1131.3,1131.99 1 0
advanced-sftp-exporter/main.go:1131.99,1133.12 2 0
advanced-sftp-exporter/main.go:1137.3,1137.59 1 0
advanced-sftp-exporter/main.go:1137.59,1139.12 2 0
advanced-sftp-exporter/main.go:1141.3,1141.74 1 0
advanced-sftp-exporter/main.go:1141.74,1143.12 2 0
advanced-sftp-exporter/main.go:1147.3,1147.53 1 0
advanced-sftp-exporter/main.go:1147.53,1149.12 2 0
advanced-sftp-exporter/main.go:1153.3,1155.37 3 0
advanced-sftp-exporter/main.go:1155.37,1158.4 2 0
advanced-sftp-exporter/main.go:1158.9,1161.4 2 0
advanced-sftp-exporter/main.go:1163.3,1163.13 1 0
advanced-sftp-exporter/main.go:1166.2,1166.105 1 0
advanced-sftp-exporter/main.go:1169.23,1173.16 3 0
advanced-sftp-exporter/main.go:1173.16,1175.3 1 0
advanced-sftp-exporter/main.go:1176.2,1187.6 8 0
advanced-sftp-exporter/main.go:1187.6,1189.17 2 0
advanced-sftp-exporter/main.go:1189.17,1190.30 1 0
advanced-sftp-exporter/main.go:1190.30,1192.13 2 0
advanced-sftp-exporter/main.go:1194.4,1195.12 2 0
advanced-sftp-exporter/main.go:1198.3,1202.72 2 0
advanced-sftp-exporter/main.go:1202.72,1207.34 4 0
advanced-sftp-exporter/main.go:1207.34,1208.13 1 0
advanced-sftp-exporter/main.go:1212.4,1213.25 2 0
advanced-sftp-exporter/main.go:1213.25,1215.5 1 0
advanced-sftp-exporter/main.go:1217.4,1221.70 2 0
advanced-sftp-exporter/main.go:1221.70,1225.5 3 0
advanced-sftp-exporter/main.go:1228.4,1247.26 11 0
advanced-sftp-exporter/main.go:1247.26,1249.5 1 0
advanced-sftp-exporter/main.go:1253.3,1253.72 1 0
advanced-sftp-exporter/main.go:1253.72,1259.34 5 0
advanced-sftp-exporter/main.go:1259.34,1260.13 1 0
advanced-sftp-exporter/main.go:1263.4,1264.25 2 0
advanced-sftp-exporter/main.go:1264.25,1266.5 1 0
advanced-sftp-exporter/main.go:1268.4,1268.31 1 0
advanced-sftp-exporter/main.go:1268.31,1270.5 1 0
advanced-sftp-exporter/main.go:1270.10,1272.5 1 0
advanced-sftp-exporter/main.go:1274.4,1274.48 1 0
advanced-sftp-exporter/main.go:1278.3,1278.73 1 0
advanced-sftp-exporter/main.go:1278.73,1281.30 2 0
advanced-sftp-exporter/main.go:1281.30,1282.13 1 0
advanced-sftp-exporter/main.go:1285.4,1290.83 3 0
advanced-sftp-exporter/main.go:1290.83,1296.5 4 0
advanced-sftp-exporter/main.go:1301.36,1302.33 1 0
advanced-sftp-exporter/main.go:1302.33,1304.22 2 0
advanced-sftp-exporter/main.go:1304.22,1306.4 1 0
advanced-sftp-exporter/main.go:1308.2,1308.17 1 0
advanced-sftp-exporter/main.go:1311.29,1314.6 2 0
advanced-sftp-exporter/main.go:1314.6,1315.91 1 0
advanced-sftp-exporter/main.go:1315.91,1316.18 1 0
advanced-sftp-exporter/main.go:1316.18,1319.5 2 0
advanced-sftp-exporter/main.go:1321.4,1321.20 1 0
advanced-sftp-exporter/main.go:1321.20,1323.5 1 0
advanced-sftp-exporter/main.go:1326.4,1326.51 1 0
advanced-sftp-exporter/main.go:1326.51,1328.45 2 0
advanced-sftp-exporter/main.go:1328.45,1330.6 1 0
advanced-sftp-exporter/main.go:1332.5,1345.40 10 0
advanced-sftp-exporter/main.go:1345.40,1346.46 1 0
advanced-sftp-exporter/main.go:1346.46,1349.7 2 0
advanced-sftp-exporter/main.go:1353.5,1353.42 1 0
advanced-sftp-exporter/main.go:1353.42,1356.6 2 0
advanced-sftp-exporter/main.go:1359.5,1359.44 1 0
advanced-sftp-exporter/main.go:1359.44,1362.6 2 0
advanced-sftp-exporter/main.go:1365.5,1366.43 2 0
advanced-sftp-exporter/main.go:1366.43,1368.6 1 0
advanced-sftp-exporter/main.go:1375.4,1375.53 1 0
advanced-sftp-exporter/main.go:1375.53,1377.45 2 0
advanced-sftp-exporter/main.go:1377.45,1379.6 1 0
advanced-sftp-exporter/main.go:1381.5,1388.118 6 0
advanced-sftp-exporter/main.go:1394.4,1394.14 1 0
advanced-sftp-exporter/main.go:1397.3,1397.17 1 0
advanced-sftp-exporter/main.go:1397.17,1399.4 1 0
advanced-sftp-exporter/main.go:1401.3,1401.31 1 0
advanced-sftp-exporter/main.go:1405.55,1407.16 2 0
advanced-sftp-exporter/main.go:1407.16,1410.3 2 0
advanced-sftp-exporter/main.go:1412.2,1413.57 2 0
advanced-sftp-exporter/main.go:1413.57,1416.3 2 0
advanced-sftp-exporter/main.go:1418.2,1421.28 2 0
advanced-sftp-exporter/main.go:1421.28,1424.3 2 0
advanced-sftp-exporter/main.go:1426.2,1428.18 2 0
advanced-sftp-exporter/main.go:1431.37,1433.16 2 0
advanced-sftp-exporter/main.go:1433.16,1435.25 2 0
advanced-sftp-exporter/main.go:1435.25,1437.4 1 0
advanced-sftp-exporter/main.go:1437.9,1437.34 1 0
advanced-sftp-exporter/main.go:1437.34,1439.4 1 0
advanced-sftp-exporter/main.go:1439.9,1441.4 1 0
advanced-sftp-exporter/main.go:1443.3,1446.11 3 0
advanced-sftp-exporter/main.go:1449.2,1452.13 3 0
advanced-sftp-exporter/main.go:1455.38,1457.16 2 0
advanced-sftp-exporter/main.go:1457.16,1461.3 3 0
advanced-sftp-exporter/main.go:1463.2,1465.17 3 0
advanced-sftp-exporter/main.go:1469.34,1474.6 3 0
advanced-sftp-exporter/main.go:1474.6,1481.17 4 0
advanced-sftp-exporter/main.go:1481.17,1483.12 2 0
advanced-sftp-exporter/main.go:1486.3,1487.22 2 0
advanced-sftp-exporter/main.go:1487.22,1489.88 2 0
advanced-sftp-exporter/main.go:1489.88,1491.25 2 0
advanced-sftp-exporter/main.go:1491.25,1496.20 4 0
advanced-sftp-exporter/main.go:1496.20,1497.15 1 0
advanced-sftp-exporter/main.go:1500.6,1500.56 1 0
advanced-sftp-exporter/main.go:1505.3,1505.39 1 0
advanced-sftp-exporter/main.go:1505.39,1506.30 1 0
advanced-sftp-exporter/main.go:1506.30,1508.13 2 0
advanced-sftp-exporter/main.go:1511.4,1517.29 5 0
advanced-sftp-exporter/main.go:1517.29,1520.19 2 0
advanced-sftp-exporter/main.go:1520.19,1523.25 3 0
advanced-sftp-exporter/main.go:1523.25,1530.41 2 0
advanced-sftp-exporter/main.go:1530.41,1532.8 1 0
advanced-sftp-exporter/main.go:1534.6,1535.84 2 0
advanced-sftp-exporter/main.go:1536.11,1538.6 1 0
advanced-sftp-exporter/main.go:1541.5,1542.19 2 0
advanced-sftp-exporter/main.go:1542.19,1545.6 2 0
advanced-sftp-exporter/main.go:1545.11,1547.6 1 0
advanced-sftp-exporter/main.go:1550.5,1551.19 2 0
advanced-sftp-exporter/main.go:1551.19,1554.6 2 0
advanced-sftp-exporter/main.go:1554.11,1556.6 1 0
advanced-sftp-exporter/main.go:1558.5,1558.78 1 0
advanced-sftp-exporter/main.go:1562.4,1567.46 4 0
advanced-sftp-exporter/main.go:1572.41,1575.16 3 0
advanced-sftp-exporter/main.go:1575.16,1578.3 2 0
advanced-sftp-exporter/main.go:1580.2,1581.20 2 0
advanced-sftp-exporter/main.go:1581.20,1584.3 2 0
advanced-sftp-exporter/main.go:1586.2,1587.16 2 0
advanced-sftp-exporter/main.go:1587.16,1590.3 2 0
advanced-sftp-exporter/main.go:1592.2,1597.22 4 0
advanced-sftp-exporter/main.go:1601.43,1604.16 3 0
advanced-sftp-exporter/main.go:1604.16,1607.3 2 0
advanced-sftp-exporter/main.go:1609.2,1610.21 2 0
advanced-sftp-exporter/main.go:1610.21,1613.3 2 0
advanced-sftp-exporter/main.go:1615.2,1618.32 3 0
advanced-sftp-exporter/main.go:1618.32,1621.3 2 0
advanced-sftp-exporter/main.go:1625.2,1629.26 3 0
advanced-sftp-exporter/main.go:1633.32,1637.6 3 0
advanced-sftp-exporter/main.go:1637.6,1640.31 3 0
advanced-sftp-exporter/main.go:1640.31,1642.35 2 0
advanced-sftp-exporter/main.go:1642.35,1643.13 1 0
advanced-sftp-exporter/main.go:1645.4,1646.22 2 0
advanced-sftp-exporter/main.go:1646.22,1650.5 3 0
advanced-sftp-exporter/main.go:1656.36,1660.56 3 0
advanced-sftp-exporter/main.go:1660.56,1662.3 1 0
advanced-sftp-exporter/main.go:1664.2,1665.16 2 0
advanced-sftp-exporter/main.go:1665.16,1668.3 2 0
advanced-sftp-exporter/main.go:1669.2,1674.6 4 0
advanced-sftp-exporter/main.go:1674.6,1676.17 2 0
advanced-sftp-exporter/main.go:1676.17,1677.30 1 0
advanced-sftp-exporter/main.go:1677.30,1679.13 2 0
advanced-sftp-exporter/main.go:1681.4,1682.12 2 0
advanced-sftp-exporter/main.go:1684.3,1687.89 2 0
advanced-sftp-exporter/main.go:1687.89,1693.4 5 0
advanced-sftp-exporter/main.go:1696.3,1696.93 1 0
advanced-sftp-exporter/main.go:1696.93,1699.53 3 0
advanced-sftp-exporter/main.go:1699.53,1701.5 1 0
advanced-sftp-exporter/main.go:1702.4,1703.67 2 0
advanced-sftp-exporter/main.go:1707.3,1707.76 1 0
advanced-sftp-exporter/main.go:1707.76,1711.4 3 0
advanced-sftp-exporter/main.go:1714.3,1715.131 1 0
advanced-sftp-exporter/main.go:1715.131,1718.40 3 0
advanced-sftp-exporter/main.go:1718.40,1720.5 1 0
advanced-sftp-exporter/main.go:1721.4,1722.68 2 0
advanced-sftp-exporter/main.go:1726.3,1726.71 1 0
advanced-sftp-exporter/main.go:1726.71,1731.4 4 0
advanced-sftp-exporter/main.go:1735.47,1737.15 2 0
advanced-sftp-exporter/main.go:1737.15,1739.3 1 0
advanced-sftp-exporter/main.go:1740.2,1742.21 3 0
advanced-sftp-exporter/main.go:1742.21,1744.3 1 0
advanced-sftp-exporter/main.go:1745.2,1745.18 1 0
advanced-sftp-exporter/main.go:1749.42,1751.22 2 0
advanced-sftp-exporter/main.go:1751.22,1753.3 1 0
advanced-sftp-exporter/main.go:1754.2,1754.18 1 0
advanced-sftp-exporter/main.go:1758.25,1763.6 3 0
advanced-sftp-exporter/main.go:1763.6,1768.21 3 0
advanced-sftp-exporter/main.go:1768.21,1770.18 2 0
advanced-sftp-exporter/main.go:1770.18,1772.13 2 0
advanced-sftp-exporter/main.go:1774.4,1774.22 1 0
advanced-sftp-exporter/main.go:1775.9,1777.18 2 0
advanced-sftp-exporter/main.go:1777.18,1779.13 2 0
advanced-sftp-exporter/main.go:1782.4,1782.34 1 0
advanced-sftp-exporter/main.go:1782.34,1783.22 1 0
advanced-sftp-exporter/main.go:1783.22,1785.6 1 0
advanced-sftp-exporter/main.go:1789.3,1789.37 1 0
advanced-sftp-exporter/main.go:1789.37,1791.33 2 0
advanced-sftp-exporter/main.go:1791.33,1792.13 1 0
advanced-sftp-exporter/main.go:1796.4,1796.76 1 0
advanced-sftp-exporter/main.go:1796.76,1798.13 2 0
advanced-sftp-exporter/main.go:1801.4,1805.18 4 0
advanced-sftp-exporter/main.go:1805.18,1807.13 2 0
advanced-sftp-exporter/main.go:1810.4,1811.23 2 0
advanced-sftp-exporter/main.go:1811.23,1813.19 2 0
advanced-sftp-exporter/main.go:1813.19,1816.6 2 0
advanced-sftp-exporter/main.go:1816.11,1818.6 1 0
advanced-sftp-exporter/main.go:1825.28,1832.6 4 0
advanced-sftp-exporter/main.go:1832.6,1838.30 3 0
advanced-sftp-exporter/main.go:1838.30,1840.30 1 0
advanced-sftp-exporter/main.go:1840.30,1841.13 1 0
advanced-sftp-exporter/main.go:1845.4,1848.41 3 0
advanced-sftp-exporter/main.go:1848.41,1850.32 2 0
advanced-sftp-exporter/main.go:1850.32,1853.6 2 0
advanced-sftp-exporter/main.go:1856.4,1856.62 1 0
advanced-sftp-exporter/main.go:1862.22,1864.6 2 0
advanced-sftp-exporter/main.go:1864.6,1866.17 2 0
advanced-sftp-exporter/main.go:1866.17,1869.4 2 0
advanced-sftp-exporter/main.go:1869.9,1871.4 1 0
advanced-sftp-exporter/main.go:1872.3,1872.31 1 0
advanced-sftp-exporter/main.go:1877.33,1880.29 3 0
advanced-sftp-exporter/main.go:1880.29,1882.22 2 0
advanced-sftp-exporter/main.go:1882.22,1883.12 1 0
advanced-sftp-exporter/main.go:1885.3,1886.40 2 0
advanced-sftp-exporter/main.go:1891.24,1894.6 2 0
advanced-sftp-exporter/main.go:1894.6,1896.17 2 0
advanced-sftp-exporter/main.go:1896.17,1899.12 3 0
advanced-sftp-exporter/main.go:1902.3,1906.30 4 0
advanced-sftp-exporter/main.go:1906.30,1907.48 1 0
advanced-sftp-exporter/main.go:1907.48,1908.13 1 0
advanced-sftp-exporter/main.go:1911.4,1914.18 4 0
advanced-sftp-exporter/main.go:1914.18,1915.13 1 0
advanced-sftp-exporter/main.go:1918.4,1922.31 4 0
advanced-sftp-exporter/main.go:1922.31,1923.12 1 0
advanced-sftp-exporter/main.go:1924.42,1926.26 2 0
advanced-sftp-exporter/main.go:1926.26,1928.7 1 0
advanced-sftp-exporter/main.go:1929.44,1931.26 2 0
advanced-sftp-exporter/main.go:1931.26,1933.7 1 0
advanced-sftp-exporter/main.go:1934.45,1936.26 2 0
advanced-sftp-exporter/main.go:1936.26,1938.7 1 0
advanced-sftp-exporter/main.go:1943.4,1944.43 2 0
advanced-sftp-exporter/main.go:1944.43,1945.13 1 0
advanced-sftp-exporter/main.go:1948.4,1948.48 1 0
advanced-sftp-exporter/main.go:1948.48,1950.23 2 0
advanced-sftp-exporter/main.go:1950.23,1952.6 1 0
advanced-sftp-exporter/main.go:1954.5,1954.18 1 0
advanced-sftp-exporter/main.go:1954.18,1958.53 3 0
advanced-sftp-exporter/main.go:1958.53,1961.7 2 0
advanced-sftp-exporter/main.go:1964.5,1964.21 1 0
advanced-sftp-exporter/main.go:1964.21,1966.6 1 0
advanced-sftp-exporter/main.go:1970.3,1970.31 1 0
advanced-sftp-exporter/main.go:1975.21,1978.6 2 0
advanced-sftp-exporter/main.go:1978.6,1980.17 2 0
advanced-sftp-exporter/main.go:1980.17,1983.12 3 0
advanced-sftp-exporter/main.go:1986.3,1988.30 2 0
advanced-sftp-exporter/main.go:1988.30,1989.48 1 0
advanced-sftp-exporter/main.go:1989.48,1990.13 1 0
advanced-sftp-exporter/main.go:1993.4,1996.18 4 0
advanced-sftp-exporter/main.go:1996.18,1997.13 1 0
advanced-sftp-exporter/main.go:2000.4,2001.24 2 0
advanced-sftp-exporter/main.go:2001.24,2002.13 1 0
advanced-sftp-exporter/main.go:2005.4,2007.34 3 0
advanced-sftp-exporter/main.go:2007.34,2008.13 1 0
advanced-sftp-exporter/main.go:2011.4,2013.22 3 0
advanced-sftp-exporter/main.go:2013.22,2015.5 1 0
advanced-sftp-exporter/main.go:2017.4,2020.53 3 0
advanced-sftp-exporter/main.go:2023.3,2023.31 1 0
advanced-sftp-exporter/main.go:2029.40,2030.30 1 0
advanced-sftp-exporter/main.go:2030.30,2032.3 1 0
advanced-sftp-exporter/main.go:2035.2,2037.48 2 0
advanced-sftp-exporter/main.go:2040.62,2044.2 3 0
advanced-sftp-exporter/main.go:2046.40,2049.16 3 0
advanced-sftp-exporter/main.go:2049.16,2051.3 1 0
advanced-sftp-exporter/main.go:2052.2,2052.57 1 0
advanced-sftp-exporter/main.go:2052.57,2053.38 1 0
advanced-sftp-exporter/main.go:2053.38,2055.24 2 0
advanced-sftp-exporter/main.go:2055.24,2057.5 1 0
advanced-sftp-exporter/main.go:2060.2,2060.11 1 0
advanced-sftp-exporter/main.go:2063.44,2065.16 2 0
advanced-sftp-exporter/main.go:2065.16,2067.3 1 0
advanced-sftp-exporter/main.go:2068.2,2068.19 1 0
advanced-sftp-exporter/main.go:2071.31,2074.2 2 0
advanced-sftp-exporter/main.go:2077.36,2081.67 2 0
advanced-sftp-exporter/main.go:2081.67,2083.3 1 0
advanced-sftp-exporter/main.go:2085.2,2085.69 1 0
advanced-sftp-exporter/main.go:2085.69,2087.3 1 0
advanced-sftp-exporter/main.go:2089.2,2089.74 1 0
advanced-sftp-exporter/main.go:2089.74,2091.3 1 0
advanced-sftp-exporter/main.go:2094.2,2094.81 1 0
advanced-sftp-exporter/main.go:2094.81,2096.3 1 0
advanced-sftp-exporter/main.go:2098.2,2098.74 1 0
advanced-sftp-exporter/main.go:2098.74,2100.3 1 0
advanced-sftp-exporter/main.go:2102.2,2102.63 1 0
advanced-sftp-exporter/main.go:2102.63,2104.3 1 0
advanced-sftp-exporter/main.go:2107.2,2107.21 1 0
advanced-sftp-exporter/main.go:2107.21,2108.67 1 0
advanced-sftp-exporter/main.go:2108.67,2110.4 1 0
advanced-sftp-exporter/main.go:2114.2,2114.64 1 0
advanced-sftp-exporter/main.go:2114.64,2116.3 1 0
advanced-sftp-exporter/main.go:2119.2,2119.71 1 0
advanced-sftp-exporter/main.go:2119.71,2121.3 1 0
advanced-sftp-exporter/main.go:2124.2,2124.27 1 0
advanced-sftp-exporter/main.go:2124.27,2125.72 1 0
advanced-sftp-exporter/main.go:2125.72,2127.4 1 0
advanced-sftp-exporter/main.go:2131.2,2131.19 1 0
advanced-sftp-exporter/main.go:2131.19,2132.44 1 0
advanced-sftp-exporter/main.go:2132.44,2134.4 1 0
advanced-sftp-exporter/main.go:2135.3,2135.77 1 0
advanced-sftp-exporter/main.go:2135.77,2137.4 1 0
advanced-sftp-exporter/main.go:2141.2,2141.26 1 0
advanced-sftp-exporter/main.go:2141.26,2143.3 1 0
advanced-sftp-exporter/main.go:2145.2,2146.12 2 0
advanced-sftp-exporter/main.go:2150.28,2151.79 1 0
advanced-sftp-exporter/main.go:2151.79,2153.3 1 0
advanced-sftp-exporter/main.go:2156.2,2157.29 2 0
advanced-sftp-exporter/main.go:2157.29,2161.3 3 0
advanced-sftp-exporter/main.go:2164.2,2165.58 2 0
advanced-sftp-exporter/main.go:2165.58,2167.3 1 0
advanced-sftp-exporter/main.go:2168.2,2168.58 1 0
advanced-sftp-exporter/main.go:2168.58,2170.3 1 0
advanced-sftp-exporter/main.go:2173.2,2174.75 2 0
advanced-sftp-exporter/main.go:2174.75,2176.30 1 0
advanced-sftp-exporter/main.go:2176.30,2178.27 2 0
advanced-sftp-exporter/main.go:2178.27,2186.35 6 0
advanced-sftp-exporter/main.go:2187.16,2188.17 1 0
advanced-sftp-exporter/main.go:2189.19,2190.17 1 0
advanced-sftp-exporter/main.go:2191.17,2192.17 1 0
advanced-sftp-exporter/main.go:2193.21,2194.17 1 0
advanced-sftp-exporter/main.go:2196.5,2196.58 1 0
advanced-sftp-exporter/main.go:2202.2,2203.35 2 0
advanced-sftp-exporter/main.go:2203.35,2204.19 1 0
advanced-sftp-exporter/main.go:2204.19,2207.4 2 0
advanced-sftp-exporter/main.go:2211.2,2212.67 2 0
advanced-sftp-exporter/main.go:2212.67,2214.3 1 0
advanced-sftp-exporter/main.go:2217.2,2218.37 2 0
advanced-sftp-exporter/main.go:2218.37,2219.19 1 0
advanced-sftp-exporter/main.go:2219.19,2221.4 1 0
advanced-sftp-exporter/main.go:2227.28,2228.78 1 0
advanced-sftp-exporter/main.go:2228.78,2230.3 1 0
advanced-sftp-exporter/main.go:2233.2,2234.47 2 0
advanced-sftp-exporter/main.go:2234.47,2236.3 1 0
advanced-sftp-exporter/main.go:2237.2,2237.56 1 0
advanced-sftp-exporter/main.go:2237.56,2239.3 1 0
advanced-sftp-exporter/main.go:2240.2,2240.53 1 0
advanced-sftp-exporter/main.go:2240.53,2242.3 1 0
advanced-sftp-exporter/main.go:2245.2,2246.57 2 0
advanced-sftp-exporter/main.go:2246.57,2248.3 1 0
advanced-sftp-exporter/main.go:2251.2,2252.39 2 0
advanced-sftp-exporter/main.go:2252.39,2256.3 3 0
advanced-sftp-exporter/main.go:2260.59,2263.26 2 0
advanced-sftp-exporter/main.go:2263.26,2265.3 1 0
advanced-sftp-exporter/main.go:2267.2,2268.16 2 0
advanced-sftp-exporter/main.go:2268.16,2272.3 3 0
advanced-sftp-exporter/main.go:2274.2,2275.92 2 0
advanced-sftp-exporter/main.go:2279.62,2283.25 2 0
advanced-sftp-exporter/main.go:2283.25,2287.3 3 0
advanced-sftp-exporter/main.go:2289.2,2290.33 2 0
advanced-sftp-exporter/main.go:2294.64,2307.26 3 0
advanced-sftp-exporter/main.go:2307.26,2309.3 1 0
advanced-sftp-exporter/main.go:2312.2,2312.28 1 0
advanced-sftp-exporter/main.go:2312.28,2314.64 2 0
advanced-sftp-exporter/main.go:2314.64,2316.4 1 0
advanced-sftp-exporter/main.go:2317.3,2317.30 1 0
advanced-sftp-exporter/main.go:2321.2,2321.22 1 0
advanced-sftp-exporter/main.go:2321.22,2329.3 1 0
advanced-sftp-exporter/main.go:2332.2,2333.33 2 0
advanced-sftp-exporter/metrics_enterprise.go:696.33,790.2 77 0
advanced-sftp-exporter/sftp_command_audit.go:21.13,23.2 1 0
advanced-sftp-exporter/sftp_command_audit.go:25.32,26.6 1 0
advanced-sftp-exporter/sftp_command_audit.go:26.6,31.17 2 0
advanced-sftp-exporter/sftp_command_audit.go:31.17,33.31 2 0
advanced-sftp-exporter/sftp_command_audit.go:33.31,35.24 2 0
advanced-sftp-exporter/sftp_command_audit.go:35.24,36.14 1 0
advanced-sftp-exporter/sftp_command_audit.go:38.5,40.82 3 0
advanced-sftp-exporter/sftp_command_audit.go:40.82,41.37 1 0
advanced-sftp-exporter/sftp_command_audit.go:41.37,43.7 1 0
advanced-sftp-exporter/sftp_command_audit.go:47.3,47.31 1 0
advanced-sftp-exporter/user_command_monitor.go:23.13,25.2 1 0
advanced-sftp-exporter/user_command_monitor.go:27.28,28.6 1 0
advanced-sftp-exporter/user_command_monitor.go:28.6,32.17 4 0
advanced-sftp-exporter/user_command_monitor.go:32.17,33.34 1 0
advanced-sftp-exporter/user_command_monitor.go:33.34,35.5 1 0
advanced-sftp-exporter/user_command_monitor.go:37.3,38.30 2 0
advanced-sftp-exporter/user_command_monitor.go:48.60,51.16 2 0
advanced-sftp-exporter/user_command_monitor.go:51.16,53.3 1 0
advanced-sftp-exporter/user_command_monitor.go:54.2,56.29 3 0
advanced-sftp-exporter/user_command_monitor.go:56.29,58.22 2 0
advanced-sftp-exporter/user_command_monitor.go:58.22,59.12 1 0
advanced-sftp-exporter/user_command_monitor.go:61.3,66.17 5 0
advanced-sftp-exporter/user_command_monitor.go:66.17,68.24 2 0
advanced-sftp-exporter/user_command_monitor.go:68.24,70.5 1 0
advanced-sftp-exporter/user_command_monitor.go:72.3,72.82 1 0
advanced-sftp-exporter/user_command_monitor.go:74.2,74.21 1 0
advanced-sftp-exporter/internal/metrics/endpoint_security.go:43.105,49.26 2 0
advanced-sftp-exporter/internal/metrics/endpoint_security.go:49.26,51.3 1 0
advanced-sftp-exporter/internal/metrics/endpoint_security.go:53.2,53.10 1 0
advanced-sftp-exporter/internal/metrics/endpoint_security.go:57.82,59.32 1 0
advanced-sftp-exporter/internal/metrics/endpoint_security.go:59.32,60.32 1 0
advanced-sftp-exporter/internal/metrics/endpoint_security.go:60.32,64.4 3 0
advanced-sftp-exporter/internal/metrics/endpoint_security.go:68.2,68.22 1 0
advanced-sftp-exporter/internal/metrics/endpoint_security.go:68.22,70.40 2 0
advanced-sftp-exporter/internal/metrics/endpoint_security.go:70.40,73.4 2 0
advanced-sftp-exporter/internal/metrics/endpoint_security.go:77.2,83.27 5 0
advanced-sftp-exporter/internal/metrics/endpoint_security.go:87.74,89.22 2 0
advanced-sftp-exporter/internal/metrics/endpoint_security.go:89.22,91.3 1 0
advanced-sftp-exporter/internal/metrics/endpoint_security.go:94.2,95.45 2 0
advanced-sftp-exporter/internal/metrics/endpoint_security.go:95.45,97.3 1 0
advanced-sftp-exporter/internal/metrics/endpoint_security.go:99.2,102.57 2 0
advanced-sftp-exporter/internal/metrics/endpoint_security.go:106.44,107.22 1 0
advanced-sftp-exporter/internal/metrics/endpoint_security.go:107.22,109.3 1 0
advanced-sftp-exporter/internal/metrics/endpoint_security.go:111.2,112.30 2 0
advanced-sftp-exporter/internal/metrics/endpoint_security.go:112.30,114.3 1 0
advanced-sftp-exporter/internal/metrics/endpoint_security.go:115.2,115.20 1 0
advanced-sftp-exporter/internal/metrics/endpoint_security.go:119.42,121.67 1 0
advanced-sftp-exporter/internal/metrics/endpoint_security.go:121.67,124.19 2 0
advanced-sftp-exporter/internal/metrics/endpoint_security.go:124.19,126.4 1 0
advanced-sftp-exporter/internal/metrics/endpoint_security.go:130.2,130.55 1 0
advanced-sftp-exporter/internal/metrics/endpoint_security.go:130.55,132.3 1 0
advanced-sftp-exporter/internal/metrics/endpoint_security.go:136.2,136.74 1 0
advanced-sftp-exporter/internal/metrics/endpoint_security.go:136.74,138.3 1 0
advanced-sftp-exporter/internal/metrics/endpoint_security.go:139.2,139.21 1 0
advanced-sftp-exporter/internal/metrics/endpoint_security.go:143.52,151.12 2 0
advanced-sftp-exporter/internal/metrics/endpoint_security.go:151.12,152.37 1 0
advanced-sftp-exporter/internal/metrics/endpoint_security.go:152.37,154.4 1 0
advanced-sftp-exporter/internal/metrics/endpoint_security.go:157.2,157.16 1 0
advanced-sftp-exporter/internal/metrics/endpoint_security.go:161.59,166.13 4 0
advanced-sftp-exporter/internal/metrics/endpoint_security.go:166.13,175.3 3 0
advanced-sftp-exporter/internal/metrics/endpoint_security.go:178.2,178.28 1 0
advanced-sftp-exporter/internal/metrics/endpoint_security.go:182.42,193.22 7 0
advanced-sftp-exporter/internal/metrics/endpoint_security.go:193.22,196.3 2 0
advanced-sftp-exporter/internal/metrics/endpoint_security.go:198.2,198.14 1 0
advanced-sftp-exporter/internal/metrics/endpoint_security.go:202.34,207.39 4 0
advanced-sftp-exporter/internal/metrics/endpoint_security.go:207.39,210.50 2 0
advanced-sftp-exporter/internal/metrics/endpoint_security.go:210.50,212.4 1 0
advanced-sftp-exporter/internal/metrics/endpoint_security.go:213.3,213.21 1 0
advanced-sftp-exporter/internal/metrics/endpoint_security.go:218.31,219.29 1 0
advanced-sftp-exporter/internal/metrics/endpoint_security.go:219.29,221.3 1 0
advanced-sftp-exporter/internal/metrics/endpoint_security.go:225.32,226.11 1 0
advanced-sftp-exporter/internal/metrics/endpoint_security.go:226.11,228.3 1 0
advanced-sftp-exporter/internal/metrics/endpoint_security.go:229.2,229.10 1 0
advanced-sftp-exporter/internal/metrics/endpoint_security.go:239.77,244.2 1 0
advanced-sftp-exporter/internal/metrics/endpoint_security.go:247.76,249.19 2 0
advanced-sftp-exporter/internal/metrics/endpoint_security.go:249.19,251.3 1 0
advanced-sftp-exporter/internal/metrics/endpoint_security.go:254.2,261.14 5 0
advanced-sftp-exporter/internal/metrics/endpoint_security.go:265.36,266.31 1 0
advanced-sftp-exporter/internal/metrics/endpoint_security.go:266.31,268.18 1 0
advanced-sftp-exporter/internal/metrics/endpoint_security.go:268.18,270.4 1 0
advanced-sftp-exporter/internal/metrics/endpoint_security.go:271.8,274.22 2 0
advanced-sftp-exporter/internal/metrics/endpoint_security.go:274.22,276.4 1 0
advanced-sftp-exporter/internal/metrics/endpoint_security.go:278.2,278.17 1 0
advanced-sftp-exporter/internal/logger/logger.go:21.32,22.11 1 0
advanced-sftp-exporter/internal/logger/logger.go:23.18,24.17 1 0
advanced-sftp-exporter/internal/logger/logger.go:25.17,26.16 1 0
advanced-sftp-exporter/internal/logger/logger.go:27.17,28.16 1 0
advanced-sftp-exporter/internal/logger/logger.go:29.18,30.17 1 0
advanced-sftp-exporter/internal/logger/logger.go:31.10,32.19 1 0
advanced-sftp-exporter/internal/logger/logger.go:56.67,62.2 1 0
advanced-sftp-exporter/internal/logger/logger.go:65.58,69.2 3 0
advanced-sftp-exporter/internal/logger/logger.go:72.89,73.21 1 0
advanced-sftp-exporter/internal/logger/logger.go:73.21,75.3 1 0
advanced-sftp-exporter/internal/logger/logger.go:77.2,85.16 2 0
advanced-sftp-exporter/internal/logger/logger.go:85.16,87.3 1 0
advanced-sftp-exporter/internal/logger/logger.go:89.2,92.16 3 0
advanced-sftp-exporter/internal/logger/logger.go:92.16,95.3 2 0
advanced-sftp-exporter/internal/logger/logger.go:95.8,98.22 3 0
advanced-sftp-exporter/internal/logger/logger.go:98.22,100.4 1 0
advanced-sftp-exporter/internal/logger/logger.go:101.3,102.24 2 0
advanced-sftp-exporter/internal/logger/logger.go:102.24,104.4 1 0
advanced-sftp-exporter/internal/logger/logger.go:105.3,105.99 1 0
advanced-sftp-exporter/internal/logger/logger.go:110.70,112.21 2 0
advanced-sftp-exporter/internal/logger/logger.go:112.21,114.3 1 0
advanced-sftp-exporter/internal/logger/logger.go:115.2,115.32 1 0
advanced-sftp-exporter/internal/logger/logger.go:119.69,121.21 2 0
advanced-sftp-exporter/internal/logger/logger.go:121.21,123.3 1 0
advanced-sftp-exporter/internal/logger/logger.go:124.2,124.31 1 0
advanced-sftp-exporter/internal/logger/logger.go:128.80,130.21 2 0
advanced-sftp-exporter/internal/logger/logger.go:130.21,132.3 1 0
advanced-sftp-exporter/internal/logger/logger.go:133.2,133.31 1 0
advanced-sftp-exporter/internal/logger/logger.go:137.81,139.21 2 0
advanced-sftp-exporter/internal/logger/logger.go:139.21,141.3 1 0
advanced-sftp-exporter/internal/logger/logger.go:142.2,142.32 1 0
advanced-sftp-exporter/internal/logger/logger.go:146.61,148.2 1 0
advanced-sftp-exporter/internal/logger/logger.go:151.60,153.2 1 0
advanced-sftp-exporter/internal/logger/logger.go:156.60,158.2 1 0
advanced-sftp-exporter/internal/logger/logger.go:161.61,163.2 1 0
advanced-sftp-exporter/internal/connection/store.go:37.61,44.12 2 0
advanced-sftp-exporter/internal/connection/store.go:44.12,47.22 3 0
advanced-sftp-exporter/internal/connection/store.go:47.22,49.4 1 0
advanced-sftp-exporter/internal/connection/store.go:52.2,52.11 1 0
advanced-sftp-exporter/internal/connection/store.go:56.68,57.21 1 0
advanced-sftp-exporter/internal/connection/store.go:57.21,59.3 1 0
advanced-sftp-exporter/internal/connection/store.go:61.2,66.33 5 0
advanced-sftp-exporter/internal/connection/store.go:66.33,68.3 1 0
advanced-sftp-exporter/internal/connection/store.go:69.2,69.47 1 0
advanced-sftp-exporter/internal/connection/store.go:73.84,79.2 4 0
advanced-sftp-exporter/internal/connection/store.go:82.78,87.38 4 0
advanced-sftp-exporter/internal/connection/store.go:87.38,88.24 1 0
advanced-sftp-exporter/internal/connection/store.go:88.24,90.4 1 0
advanced-sftp-exporter/internal/connection/store.go:92.2,92.15 1 0
advanced-sftp-exporter/internal/connection/store.go:96.76,101.38 4 0
advanced-sftp-exporter/internal/connection/store.go:101.38,102.63 1 0
advanced-sftp-exporter/internal/connection/store.go:102.63,104.4 1 0
advanced-sftp-exporter/internal/connection/store.go:106.2,106.15 1 0
advanced-sftp-exporter/internal/connection/store.go:110.66,115.13 4 0
advanced-sftp-exporter/internal/connection/store.go:115.13,117.3 1 0
advanced-sftp-exporter/internal/connection/store.go:119.2,122.13 4 0
advanced-sftp-exporter/internal/connection/store.go:126.89,131.13 4 0
advanced-sftp-exporter/internal/connection/store.go:131.13,133.3 1 0
advanced-sftp-exporter/internal/connection/store.go:135.2,135.55 1 0
advanced-sftp-exporter/internal/connection/store.go:135.55,140.3 4 0
advanced-sftp-exporter/internal/connection/store.go:141.2,141.14 1 0
advanced-sftp-exporter/internal/connection/store.go:145.102,150.13 4 0
advanced-sftp-exporter/internal/connection/store.go:150.13,152.3 1 0
advanced-sftp-exporter/internal/connection/store.go:154.2,161.49 6 0
advanced-sftp-exporter/internal/connection/store.go:161.49,163.3 1 0
advanced-sftp-exporter/internal/connection/store.go:163.8,163.58 1 0
advanced-sftp-exporter/internal/connection/store.go:163.58,165.3 1 0
advanced-sftp-exporter/internal/connection/store.go:167.2,167.13 1 0
advanced-sftp-exporter/internal/connection/store.go:171.87,176.12 4 0
advanced-sftp-exporter/internal/connection/store.go:176.12,179.3 2 0
advanced-sftp-exporter/internal/connection/store.go:180.2,180.21 1 0
advanced-sftp-exporter/internal/connection/store.go:184.66,189.38 4 0
advanced-sftp-exporter/internal/connection/store.go:189.38,191.3 1 0
advanced-sftp-exporter/internal/connection/store.go:192.2,192.15 1 0
advanced-sftp-exporter/internal/connection/store.go:196.62,208.38 10 0
advanced-sftp-exporter/internal/connection/store.go:208.38,209.18 1 0
advanced-sftp-exporter/internal/connection/store.go:209.18,211.4 1 0
advanced-sftp-exporter/internal/connection/store.go:211.9,213.4 1 0
advanced-sftp-exporter/internal/connection/store.go:214.3,218.27 5 0
advanced-sftp-exporter/internal/connection/store.go:221.2,230.3 1 0
advanced-sftp-exporter/internal/connection/store.go:234.49,241.46 5 0
advanced-sftp-exporter/internal/connection/store.go:241.46,242.46 1 0
advanced-sftp-exporter/internal/connection/store.go:242.46,246.4 3 0
advanced-sftp-exporter/internal/connection/store.go:249.2,249.16 1 0
advanced-sftp-exporter/internal/connection/store.go:253.90,258.13 4 0
advanced-sftp-exporter/internal/connection/store.go:258.13,260.3 1 0
advanced-sftp-exporter/internal/connection/store.go:262.2,267.28 5 0
advanced-sftp-exporter/internal/connection/store.go:267.28,270.3 2 0
advanced-sftp-exporter/internal/connection/store.go:272.2,289.3 1 0
advanced-sftp-exporter/internal/connection/store.go:293.43,297.2 2 0
advanced-sftp-exporter/internal/latency/tracker.go:45.56,50.2 1 0
advanced-sftp-exporter/internal/latency/tracker.go:53.71,59.46 4 0
advanced-sftp-exporter/internal/latency/tracker.go:59.46,61.3 1 0
advanced-sftp-exporter/internal/latency/tracker.go:63.2,66.45 2 0
advanced-sftp-exporter/internal/latency/tracker.go:66.45,68.3 1 0
advanced-sftp-exporter/internal/latency/tracker.go:72.74,78.30 5 0
advanced-sftp-exporter/internal/latency/tracker.go:78.30,80.3 1 0
advanced-sftp-exporter/internal/latency/tracker.go:82.2,94.25 5 0
advanced-sftp-exporter/internal/latency/tracker.go:94.25,99.38 4 0
advanced-sftp-exporter/internal/latency/tracker.go:99.38,101.4 1 0
advanced-sftp-exporter/internal/latency/tracker.go:102.3,102.38 1 0
advanced-sftp-exporter/internal/latency/tracker.go:102.38,104.4 1 0
advanced-sftp-exporter/internal/latency/tracker.go:106.3,106.17 1 0
advanced-sftp-exporter/internal/latency/tracker.go:106.17,108.4 1 0
advanced-sftp-exporter/internal/latency/tracker.go:108.9,110.4 1 0
advanced-sftp-exporter/internal/latency/tracker.go:113.2,122.33 6 0
advanced-sftp-exporter/internal/latency/tracker.go:122.33,124.3 1 0
advanced-sftp-exporter/internal/latency/tracker.go:126.2,126.14 1 0
advanced-sftp-exporter/internal/latency/tracker.go:130.57,136.36 4 0
advanced-sftp-exporter/internal/latency/tracker.go:136.36,137.20 1 0
advanced-sftp-exporter/internal/latency/tracker.go:137.20,138.12 1 0
advanced-sftp-exporter/internal/latency/tracker.go:141.3,143.33 3 0
advanced-sftp-exporter/internal/latency/tracker.go:146.2,146.15 1 0
advanced-sftp-exporter/internal/latency/tracker.go:150.110,151.19 1 0
advanced-sftp-exporter/internal/latency/tracker.go:151.19,153.3 1 0
advanced-sftp-exporter/internal/latency/tracker.go:155.2,167.25 5 0
advanced-sftp-exporter/internal/latency/tracker.go:167.25,172.38 4 0
advanced-sftp-exporter/internal/latency/tracker.go:172.38,174.4 1 0
advanced-sftp-exporter/internal/latency/tracker.go:175.3,175.38 1 0
advanced-sftp-exporter/internal/latency/tracker.go:175.38,177.4 1 0
advanced-sftp-exporter/internal/latency/tracker.go:179.3,179.17 1 0
advanced-sftp-exporter/internal/latency/tracker.go:179.17,181.4 1 0
advanced-sftp-exporter/internal/latency/tracker.go:181.9,183.4 1 0
advanced-sftp-exporter/internal/latency/tracker.go:186.2,195.33 6 0
advanced-sftp-exporter/internal/latency/tracker.go:195.33,197.3 1 0
advanced-sftp-exporter/internal/latency/tracker.go:199.2,199.14 1 0
advanced-sftp-exporter/internal/latency/tracker.go:203.87,204.25 1 0
advanced-sftp-exporter/internal/latency/tracker.go:204.25,206.3 1 0
advanced-sftp-exporter/internal/latency/tracker.go:209.2,210.29 2 0
advanced-sftp-exporter/internal/latency/tracker.go:210.29,212.3 1 0
advanced-sftp-exporter/internal/latency/tracker.go:214.2,214.25 1 0
advanced-sftp-exporter/internal/latency/tracker.go:218.101,224.13 5 0
advanced-sftp-exporter/internal/latency/tracker.go:224.13,226.3 1 0
advanced-sftp-exporter/internal/latency/tracker.go:228.2,228.22 1 0
advanced-sftp-exporter/internal/latency/tracker.go:228.22,230.3 1 0
advanced-sftp-exporter/internal/latency/tracker.go:233.2,233.62 1 0
advanced-sftp-exporter/internal/latency/tracker.go:237.56,244.33 5 0
advanced-sftp-exporter/internal/latency/tracker.go:244.33,247.17 2 0
advanced-sftp-exporter/internal/latency/tracker.go:247.17,250.4 2 0
advanced-sftp-exporter/internal/latency/tracker.go:253.2,253.15 1 0
advanced-sftp-exporter/internal/latency/tracker.go:257.72,264.38 5 0
advanced-sftp-exporter/internal/latency/tracker.go:264.38,266.26 2 0
advanced-sftp-exporter/internal/latency/tracker.go:266.26,267.36 1 0
advanced-sftp-exporter/internal/latency/tracker.go:267.36,269.5 1 0
advanced-sftp-exporter/internal/latency/tracker.go:269.10,271.5 1 0
advanced-sftp-exporter/internal/latency/tracker.go:273.3,273.25 1 0
advanced-sftp-exporter/internal/latency/tracker.go:273.25,275.4 1 0
advanced-sftp-exporter/internal/latency/tracker.go:275.9,277.4 1 0
advanced-sftp-exporter/internal/latency/tracker.go:280.2,280.16 1 0
advanced-sftp-exporter/internal/latency/tracker.go:284.68,292.38 6 0
advanced-sftp-exporter/internal/latency/tracker.go:292.38,298.3 4 0
advanced-sftp-exporter/internal/latency/tracker.go:300.2,305.3 1 0
advanced-sftp-exporter/internal/monitors/auth_log.go:21.42,30.2 3 0
advanced-sftp-exporter/internal/monitors/auth_log.go:33.42,37.2 1 0
advanced-sftp-exporter/internal/monitors/auth_log.go:40.61,44.2 2 0
advanced-sftp-exporter/internal/monitors/auth_log.go:47.60,49.2 1 0
advanced-sftp-exporter/internal/monitors/auth_log.go:52.42,54.2 1 0
advanced-sftp-exporter/internal/monitors/auth_log.go:57.45,61.2 3 0
advanced-sftp-exporter/internal/monitors/auth_log.go:64.64,66.2 1 0
advanced-sftp-exporter/internal/monitors/auth_log.go:69.48,75.2 5 0
advanced-sftp-exporter/internal/monitors/auth_log.go:78.51,82.37 3 0
advanced-sftp-exporter/internal/monitors/auth_log.go:82.37,84.3 1 0
advanced-sftp-exporter/internal/monitors/auth_log.go:84.8,87.3 2 0
advanced-sftp-exporter/internal/monitors/auth_log.go:89.2,89.26 1 0
advanced-sftp-exporter/internal/monitors/auth_log.go:89.26,91.3 1 0
advanced-sftp-exporter/internal/monitors/auth_log.go:95.44,100.2 4 0
advanced-sftp-exporter/internal/monitors/file_transfer.go:21.52,30.2 3 0
advanced-sftp-exporter/internal/monitors/file_transfer.go:33.47,35.2 1 0
advanced-sftp-exporter/internal/monitors/file_transfer.go:38.66,41.2 2 0
advanced-sftp-exporter/internal/monitors/file_transfer.go:44.65,46.2 1 0
advanced-sftp-exporter/internal/monitors/file_transfer.go:49.47,51.2 1 0
advanced-sftp-exporter/internal/monitors/file_transfer.go:54.50,58.2 3 0
advanced-sftp-exporter/internal/monitors/file_transfer.go:61.69,63.2 1 0
advanced-sftp-exporter/internal/monitors/file_transfer.go:66.53,72.2 5 0
advanced-sftp-exporter/internal/monitors/file_transfer.go:75.56,79.37 3 0
advanced-sftp-exporter/internal/monitors/file_transfer.go:79.37,81.3 1 0
advanced-sftp-exporter/internal/monitors/file_transfer.go:81.8,84.3 2 0
advanced-sftp-exporter/internal/monitors/file_transfer.go:86.2,86.26 1 0
advanced-sftp-exporter/internal/monitors/file_transfer.go:86.26,88.3 1 0
advanced-sftp-exporter/internal/monitors/file_transfer.go:92.49,97.2 4 0
advanced-sftp-exporter/internal/quota/manager.go:29.38,35.12 2 0
advanced-sftp-exporter/internal/quota/manager.go:35.12,38.22 3 0
advanced-sftp-exporter/internal/quota/manager.go:38.22,40.4 1 0
advanced-sftp-exporter/internal/quota/manager.go:43.2,43.11 1 0
advanced-sftp-exporter/internal/quota/manager.go:47.107,58.2 3 0
advanced-sftp-exporter/internal/quota/manager.go:61.58,66.13 4 0
advanced-sftp-exporter/internal/quota/manager.go:66.13,68.3 1 0
advanced-sftp-exporter/internal/quota/manager.go:71.2,82.3 1 0
advanced-sftp-exporter/internal/quota/manager.go:86.96,91.13 4 0
advanced-sftp-exporter/internal/quota/manager.go:91.13,93.3 1 0
advanced-sftp-exporter/internal/quota/manager.go:96.2,96.31 1 0
advanced-sftp-exporter/internal/quota/manager.go:96.31,97.52 1 0
advanced-sftp-exporter/internal/quota/manager.go:97.52,99.4 1 0
advanced-sftp-exporter/internal/quota/manager.go:100.3,100.27 1 0
advanced-sftp-exporter/internal/quota/manager.go:104.2,104.33 1 0
advanced-sftp-exporter/internal/quota/manager.go:104.33,105.63 1 0
advanced-sftp-exporter/internal/quota/manager.go:105.63,107.4 1 0
advanced-sftp-exporter/internal/quota/manager.go:108.3,108.36 1 0
advanced-sftp-exporter/internal/quota/manager.go:111.2,111.20 1 0
advanced-sftp-exporter/internal/quota/manager.go:115.43,120.34 4 0
advanced-sftp-exporter/internal/quota/manager.go:120.34,122.46 1 0
advanced-sftp-exporter/internal/quota/manager.go:122.46,125.4 2 0
advanced-sftp-exporter/internal/quota/manager.go:130.71,135.13 4 0
advanced-sftp-exporter/internal/quota/manager.go:135.13,138.3 2 0
advanced-sftp-exporter/internal/quota/manager.go:140.2,142.30 3 0
advanced-sftp-exporter/internal/quota/manager.go:146.49,151.13 4 0
advanced-sftp-exporter/internal/quota/manager.go:151.13,153.3 1 0
advanced-sftp-exporter/internal/quota/manager.go:155.2,156.27 2 0
advanced-sftp-exporter/internal/quota/manager.go:160.55,165.13 4 0
advanced-sftp-exporter/internal/quota/manager.go:165.13,167.3 1 0
advanced-sftp-exporter/internal/quota/manager.go:169.2,169.26 1 0
advanced-sftp-exporter/internal/quota/manager.go:173.47,178.34 4 0
advanced-sftp-exporter/internal/quota/manager.go:178.34,179.54 1 0
advanced-sftp-exporter/internal/quota/manager.go:179.54,180.39 1 0
advanced-sftp-exporter/internal/quota/manager.go:180.39,183.5 2 0
advanced-sftp-exporter/internal/quota/manager.go:189.62,194.13 4 0
advanced-sftp-exporter/internal/quota/manager.go:194.13,196.3 1 0
advanced-sftp-exporter/internal/quota/manager.go:198.2,198.34 1 0
advanced-sftp-exporter/internal/quota/manager.go:198.34,200.3 1 0
advanced-sftp-exporter/internal/quota/manager.go:202.2,202.83 1 0
advanced-sftp-exporter/internal/quota/manager.go:206.59,216.34 8 0
advanced-sftp-exporter/internal/quota/manager.go:216.34,217.24 1 0
advanced-sftp-exporter/internal/quota/manager.go:217.24,219.4 1 0
advanced-sftp-exporter/internal/quota/manager.go:221.3,221.88 1 0
advanced-sftp-exporter/internal/quota/manager.go:221.88,223.4 1 0
advanced-sftp-exporter/internal/quota/manager.go:225.3,225.34 1 0
advanced-sftp-exporter/internal/quota/manager.go:225.34,228.4 2 0
advanced-sftp-exporter/internal/quota/manager.go:231.2,232.25 2 0
advanced-sftp-exporter/internal/quota/manager.go:232.25,234.3 1 0
advanced-sftp-exporter/internal/quota/manager.go:236.2,243.3 1 0
advanced-sftp-exporter/internal/quota/manager.go:266.46,270.2 1 0
advanced-sftp-exporter/internal/quota/manager.go:273.68,277.50 3 0
advanced-sftp-exporter/internal/quota/manager.go:277.50,282.3 1 0
advanced-sftp-exporter/internal/quota/manager.go:284.2,288.35 5 0
advanced-sftp-exporter/internal/quota/manager.go:292.70,296.50 3 0
advanced-sftp-exporter/internal/quota/manager.go:296.50,301.3 1 0
advanced-sftp-exporter/internal/quota/manager.go:303.2,307.35 5 0
advanced-sftp-exporter/internal/quota/manager.go:311.76,316.13 4 0
advanced-sftp-exporter/internal/quota/manager.go:316.13,318.3 1 0
advanced-sftp-exporter/internal/quota/manager.go:320.2,320.14 1 0
advanced-sftp-exporter/internal/quota/manager.go:324.79,329.44 4 0
advanced-sftp-exporter/internal/quota/manager.go:329.44,331.3 1 0
advanced-sftp-exporter/internal/quota/manager.go:332.2,332.15 1 0
advanced-sftp-exporter/internal/protocol/detector.go:34.46,41.2 1 0
advanced-sftp-exporter/internal/protocol/detector.go:44.84,45.37 1 0
advanced-sftp-exporter/internal/protocol/detector.go:45.37,47.3 1 0
advanced-sftp-exporter/internal/protocol/detector.go:49.2,52.35 3 0
advanced-sftp-exporter/internal/protocol/detector.go:56.85,62.2 4 0
advanced-sftp-exporter/internal/protocol/detector.go:65.91,68.44 2 0
advanced-sftp-exporter/internal/protocol/detector.go:68.44,70.3 1 0
advanced-sftp-exporter/internal/protocol/detector.go:71.2,71.44 1 0
advanced-sftp-exporter/internal/protocol/detector.go:71.44,73.3 1 0
advanced-sftp-exporter/internal/protocol/detector.go:76.2,76.12 1 0
advanced-sftp-exporter/internal/protocol/detector.go:80.74,81.71 1 0
advanced-sftp-exporter/internal/protocol/detector.go:81.71,83.3 1 0
advanced-sftp-exporter/internal/protocol/detector.go:84.2,84.65 1 0
advanced-sftp-exporter/internal/protocol/detector.go:84.65,86.3 1 0
advanced-sftp-exporter/internal/protocol/detector.go:87.2,87.64 1 0
advanced-sftp-exporter/internal/protocol/detector.go:87.64,89.3 1 0
advanced-sftp-exporter/internal/protocol/detector.go:90.2,90.18 1 0
advanced-sftp-exporter/internal/protocol/detector.go:94.87,98.56 3 0
advanced-sftp-exporter/internal/protocol/detector.go:98.56,101.3 2 0
advanced-sftp-exporter/internal/protocol/detector.go:105.83,109.56 3 0
advanced-sftp-exporter/internal/protocol/detector.go:109.56,112.3 2 0
advanced-sftp-exporter/internal/protocol/detector.go:116.64,121.2 3 0
advanced-sftp-exporter/internal/protocol/detector.go:124.63,137.39 11 0
advanced-sftp-exporter/internal/protocol/detector.go:137.39,138.24 1 0
advanced-sftp-exporter/internal/protocol/detector.go:139.12,140.13 1 0
advanced-sftp-exporter/internal/protocol/detector.go:141.12,142.13 1 0
advanced-sftp-exporter/internal/protocol/detector.go:143.11,144.18 1 0
advanced-sftp-exporter/internal/protocol/detector.go:147.3,147.26 1 0
advanced-sftp-exporter/internal/protocol/detector.go:148.24,149.23 1 0
advanced-sftp-exporter/internal/protocol/detector.go:150.23,151.18 1 0
advanced-sftp-exporter/internal/protocol/detector.go:154.3,154.31 1 0
advanced-sftp-exporter/internal/protocol/detector.go:154.31,156.4 1 0
advanced-sftp-exporter/internal/protocol/detector.go:158.3,159.46 2 0
advanced-sftp-exporter/internal/protocol/detector.go:162.2,172.3 1 0
advanced-sftp-exporter/internal/protocol/detector.go:176.70,181.39 4 0
advanced-sftp-exporter/internal/protocol/detector.go:181.39,183.3 1 0
advanced-sftp-exporter/internal/protocol/detector.go:184.2,184.21 1 0
advanced-sftp-exporter/internal/protocol/detector.go:188.71,193.39 4 0
advanced-sftp-exporter/internal/protocol/detector.go:193.39,195.3 1 0
advanced-sftp-exporter/internal/protocol/detector.go:196.2,196.21 1 0
advanced-sftp-exporter/internal/protocol/detector.go:200.60,204.30 3 0
advanced-sftp-exporter/internal/protocol/detector.go:204.30,206.3 1 0
advanced-sftp-exporter/internal/protocol/detector.go:208.2,209.39 2 0
advanced-sftp-exporter/internal/protocol/detector.go:209.39,211.3 1 0
advanced-sftp-exporter/internal/protocol/detector.go:213.2,213.54 1 0
advanced-sftp-exporter/internal/protocol/detector.go:217.56,221.30 3 0
advanced-sftp-exporter/internal/protocol/detector.go:221.30,223.3 1 0
advanced-sftp-exporter/internal/protocol/detector.go:225.2,226.39 2 0
advanced-sftp-exporter/internal/protocol/detector.go:226.39,228.3 1 0
advanced-sftp-exporter/internal/protocol/detector.go:230.2,230.54 1 0
advanced-sftp-exporter/internal/poller/manager.go:23.35,33.2 1 0
advanced-sftp-exporter/internal/poller/manager.go:70.46,74.2 1 0
advanced-sftp-exporter/internal/poller/manager.go:76.56,77.9 1 0
advanced-sftp-exporter/internal/poller/manager.go:78.26,79.13 1 0
advanced-sftp-exporter/internal/poller/manager.go:80.20,81.19 1 0
advanced-sftp-exporter/internal/poller/manager.go:85.31,87.2 1 0
advanced-sftp-exporter/internal/poller/manager.go:90.76,102.2 2 0
advanced-sftp-exporter/internal/poller/manager.go:105.76,117.2 4 0
advanced-sftp-exporter/internal/poller/manager.go:121.100,123.12 2 0
advanced-sftp-exporter/internal/poller/manager.go:123.12,127.16 3 0
advanced-sftp-exporter/internal/poller/manager.go:127.16,130.4 2 0
advanced-sftp-exporter/internal/poller/manager.go:132.3,135.7 3 0
advanced-sftp-exporter/internal/poller/manager.go:135.7,136.11 1 0
advanced-sftp-exporter/internal/poller/manager.go:137.25,139.11 2 0
advanced-sftp-exporter/internal/poller/manager.go:140.20,142.54 1 0
advanced-sftp-exporter/internal/poller/manager.go:142.54,144.14 2 0
advanced-sftp-exporter/internal/poller/manager.go:147.5,158.19 8 0
advanced-sftp-exporter/internal/poller/manager.go:158.19,162.6 3 0
advanced-sftp-exporter/internal/poller/manager.go:162.11,164.6 1 0
advanced-sftp-exporter/internal/poller/manager.go:167.5,167.34 1 0
advanced-sftp-exporter/internal/poller/manager.go:167.34,168.17 1 0
advanced-sftp-exporter/internal/poller/manager.go:168.17,175.7 5 0
advanced-sftp-exporter/internal/poller/manager.go:175.12,178.53 2 0
advanced-sftp-exporter/internal/poller/manager.go:178.53,181.54 3 0
advanced-sftp-exporter/internal/poller/manager.go:181.54,183.9 1 0
advanced-sftp-exporter/internal/poller/manager.go:184.8,186.57 2 0
advanced-sftp-exporter/internal/poller/manager.go:191.6,191.31 1 0
advanced-sftp-exporter/internal/poller/manager.go:194.5,194.19 1 0
advanced-sftp-exporter/internal/poller/manager.go:201.67,206.13 4 0
advanced-sftp-exporter/internal/poller/manager.go:206.13,208.3 1 0
advanced-sftp-exporter/internal/poller/manager.go:210.2,226.3 3 0
advanced-sftp-exporter/internal/poller/manager.go:230.70,235.35 4 0
advanced-sftp-exporter/internal/poller/manager.go:235.35,251.3 3 0
advanced-sftp-exporter/internal/poller/manager.go:252.2,252.15 1 0
advanced-sftp-exporter/internal/poller/manager.go:256.43,262.12 4 0
advanced-sftp-exporter/internal/poller/manager.go:262.12,265.3 2 0
advanced-sftp-exporter/internal/poller/manager.go:267.2,267.9 1 0
advanced-sftp-exporter/internal/poller/manager.go:268.14,270.13 2 0
advanced-sftp-exporter/internal/poller/manager.go:271.36,273.54 2 0
advanced-sftp-exporter/internal/poller/manager.go:278.43,282.26 3 0
advanced-sftp-exporter/internal/poller/manager.go:282.26,284.3 1 0
advanced-sftp-exporter/internal/poller/manager.go:287.2,288.32 2 0
advanced-sftp-exporter/internal/poller/manager.go:288.32,293.41 4 0
advanced-sftp-exporter/internal/poller/manager.go:293.41,296.4 2 0
advanced-sftp-exporter/internal/poller/manager.go:297.3,297.18 1 0
advanced-sftp-exporter/internal/poller/manager.go:300.2,300.13 1 0
advanced-sftp-exporter/internal/session/store.go:26.55,36.2 3 0
advanced-sftp-exporter/internal/session/store.go:39.70,43.40 3 0
advanced-sftp-exporter/internal/session/store.go:43.40,45.3 1 0
advanced-sftp-exporter/internal/session/store.go:47.2,48.32 2 0
advanced-sftp-exporter/internal/session/store.go:52.55,56.50 3 0
advanced-sftp-exporter/internal/session/store.go:56.50,58.29 2 0
advanced-sftp-exporter/internal/session/store.go:58.29,60.4 1 0
advanced-sftp-exporter/internal/session/store.go:65.72,69.50 3 0
advanced-sftp-exporter/internal/session/store.go:69.50,70.49 1 0
advanced-sftp-exporter/internal/session/store.go:70.49,72.4 1 0
advanced-sftp-exporter/internal/session/store.go:74.2,74.29 1 0
advanced-sftp-exporter/internal/session/store.go:78.76,82.50 3 0
advanced-sftp-exporter/internal/session/store.go:82.50,85.34 2 0
advanced-sftp-exporter/internal/session/store.go:85.34,87.4 1 0
advanced-sftp-exporter/internal/session/store.go:88.3,88.16 1 0
advanced-sftp-exporter/internal/session/store.go:90.2,90.37 1 0
advanced-sftp-exporter/internal/session/store.go:94.47,99.27 4 0
advanced-sftp-exporter/internal/session/store.go:99.27,101.3 1 0
advanced-sftp-exporter/internal/session/store.go:102.2,102.14 1 0
advanced-sftp-exporter/internal/session/store.go:106.60,110.50 3 0
advanced-sftp-exporter/internal/session/store.go:110.50,112.3 1 0
advanced-sftp-exporter/internal/session/store.go:113.2,113.10 1 0
advanced-sftp-exporter/internal/session/store.go:117.50,122.38 4 0
advanced-sftp-exporter/internal/session/store.go:122.38,124.3 1 0
advanced-sftp-exporter/internal/session/store.go:125.2,125.14 1 0
advanced-sftp-exporter/internal/session/store.go:129.82,133.75 3 0
advanced-sftp-exporter/internal/session/store.go:133.75,138.38 4 0
advanced-sftp-exporter/internal/session/store.go:138.38,139.41 1 0
advanced-sftp-exporter/internal/session/store.go:139.41,143.5 3 0
advanced-sftp-exporter/internal/session/store.go:145.3,145.36 1 0
advanced-sftp-exporter/internal/session/store.go:147.2,147.33 1 0
advanced-sftp-exporter/internal/session/store.go:151.71,155.50 3 0
advanced-sftp-exporter/internal/session/store.go:155.50,156.49 1 0
advanced-sftp-exporter/internal/session/store.go:156.49,160.4 3 0
advanced-sftp-exporter/internal/session/store.go:162.2,162.80 1 0
advanced-sftp-exporter/internal/session/store.go:166.41,170.21 3 0
advanced-sftp-exporter/internal/session/store.go:170.21,172.3 1 0
advanced-sftp-exporter/internal/session/store.go:176.48,181.41 4 0
advanced-sftp-exporter/internal/session/store.go:181.41,182.48 1 0
advanced-sftp-exporter/internal/session/store.go:182.48,183.42 1 0
advanced-sftp-exporter/internal/session/store.go:183.42,185.5 1 0
advanced-sftp-exporter/internal/session/store.go:187.3,187.29 1 0
advanced-sftp-exporter/internal/session/store.go:187.29,189.4 1 0
advanced-sftp-exporter/internal/session/store.go:194.32,198.2 3 0
advanced-sftp-exporter/internal/session/store.go:208.46,213.38 4 0
advanced-sftp-exporter/internal/session/store.go:213.38,215.3 1 0
advanced-sftp-exporter/internal/session/store.go:217.2,218.21 2 0
advanced-sftp-exporter/internal/session/store.go:218.21,220.3 1 0
advanced-sftp-exporter/internal/session/store.go:222.2,226.3 1 0
advanced-sftp-exporter/internal/safety/exec_safe.go:25.37,42.2 1 0
advanced-sftp-exporter/internal/safety/exec_safe.go:52.110,54.68 1 0
advanced-sftp-exporter/internal/safety/exec_safe.go:54.68,56.3 1 0
advanced-sftp-exporter/internal/safety/exec_safe.go:59.2,59.47 1 0
advanced-sftp-exporter/internal/safety/exec_safe.go:59.47,61.3 1 0
advanced-sftp-exporter/internal/safety/exec_safe.go:64.2,64.55 1 0
advanced-sftp-exporter/internal/safety/exec_safe.go:64.55,68.3 3 0
advanced-sftp-exporter/internal/safety/exec_safe.go:70.2,76.43 3 0
advanced-sftp-exporter/internal/safety/exec_safe.go:76.43,78.50 1 0
advanced-sftp-exporter/internal/safety/exec_safe.go:78.50,80.4 1 0
advanced-sftp-exporter/internal/safety/exec_safe.go:81.3,81.31 1 0
advanced-sftp-exporter/internal/safety/exec_safe.go:85.2,85.43 1 0
advanced-sftp-exporter/internal/safety/exec_safe.go:85.43,87.3 1 0
advanced-sftp-exporter/internal/safety/exec_safe.go:89.2,89.16 1 0
advanced-sftp-exporter/internal/safety/exec_safe.go:89.16,91.3 1 0
advanced-sftp-exporter/internal/safety/exec_safe.go:93.2,93.28 1 0
advanced-sftp-exporter/internal/safety/exec_safe.go:97.47,100.16 2 0
advanced-sftp-exporter/internal/safety/exec_safe.go:100.16,102.3 1 0
advanced-sftp-exporter/internal/safety/exec_safe.go:103.2,103.23 1 0
advanced-sftp-exporter/internal/safety/exec_safe.go:103.23,105.3 1 0
advanced-sftp-exporter/internal/safety/exec_safe.go:108.2,109.27 2 0
advanced-sftp-exporter/internal/safety/exec_safe.go:109.27,111.3 1 0
advanced-sftp-exporter/internal/safety/exec_safe.go:114.2,115.39 2 0
advanced-sftp-exporter/internal/safety/exec_safe.go:115.39,117.3 1 0
advanced-sftp-exporter/internal/safety/exec_safe.go:120.2,120.16 1 0
advanced-sftp-exporter/internal/safety/exec_safe.go:120.16,122.3 1 0
advanced-sftp-exporter/internal/safety/exec_safe.go:122.8,125.3 1 0
advanced-sftp-exporter/internal/safety/exec_safe.go:128.2,129.16 2 0
advanced-sftp-exporter/internal/safety/exec_safe.go:129.16,131.3 1 0
advanced-sftp-exporter/internal/safety/exec_safe.go:133.2,134.48 2 0
advanced-sftp-exporter/internal/safety/exec_safe.go:134.48,136.3 1 0
advanced-sftp-exporter/internal/safety/exec_safe.go:138.2,138.12 1 0
advanced-sftp-exporter/internal/safety/exec_safe.go:143.42,144.25 1 0
advanced-sftp-exporter/internal/safety/exec_safe.go:144.25,146.3 1 0
advanced-sftp-exporter/internal/safety/exec_safe.go:149.2,149.84 1 0
advanced-sftp-exporter/internal/safety/exec_safe.go:149.84,151.3 1 0
advanced-sftp-exporter/internal/safety/exec_safe.go:154.2,155.16 2 0
advanced-sftp-exporter/internal/safety/exec_safe.go:155.16,157.3 1 0
advanced-sftp-exporter/internal/safety/exec_safe.go:159.2,159.12 1 0
advanced-sftp-exporter/internal/safety/exec_safe.go:165.49,167.21 1 0
advanced-sftp-exporter/internal/safety/exec_safe.go:167.21,169.3 1 0
advanced-sftp-exporter/internal/safety/exec_safe.go:172.2,179.28 2 0
advanced-sftp-exporter/internal/safety/exec_safe.go:183.40,186.21 2 0
advanced-sftp-exporter/internal/safety/exec_safe.go:186.21,187.30 1 0
advanced-sftp-exporter/internal/safety/exec_safe.go:187.30,189.82 2 0
advanced-sftp-exporter/internal/safety/exec_safe.go:189.82,191.5 1 0
advanced-sftp-exporter/internal/safety/exec_safe.go:193.3,193.14 1 0
advanced-sftp-exporter/internal/safety/exec_safe.go:197.2,197.31 1 0
advanced-sftp-exporter/internal/safety/exec_safe.go:197.31,199.3 1 0
advanced-sftp-exporter/internal/safety/exec_safe.go:201.2,201.14 1 0
advanced-sftp-exporter/internal/validation/validator.go:20.41,27.2 1 0
advanced-sftp-exporter/internal/validation/validator.go:30.66,31.16 1 0
advanced-sftp-exporter/internal/validation/validator.go:31.16,33.3 1 0
advanced-sftp-exporter/internal/validation/validator.go:36.2,37.16 2 0
advanced-sftp-exporter/internal/validation/validator.go:37.16,39.3 1 0
advanced-sftp-exporter/internal/validation/validator.go:42.2,42.18 1 0
advanced-sftp-exporter/internal/validation/validator.go:42.18,44.3 1 0
advanced-sftp-exporter/internal/validation/validator.go:47.2,47.48 1 0
advanced-sftp-exporter/internal/validation/validator.go:47.48,49.3 1 0
advanced-sftp-exporter/internal/validation/validator.go:51.2,51.12 1 0
advanced-sftp-exporter/internal/validation/validator.go:55.67,56.16 1 0
advanced-sftp-exporter/internal/validation/validator.go:56.16,58.3 1 0
advanced-sftp-exporter/internal/validation/validator.go:60.2,61.16 2 0
advanced-sftp-exporter/internal/validation/validator.go:61.16,63.3 1 0
advanced-sftp-exporter/internal/validation/validator.go:65.2,65.19 1 0
advanced-sftp-exporter/internal/validation/validator.go:65.19,67.3 1 0
advanced-sftp-exporter/internal/validation/validator.go:69.2,69.12 1 0
advanced-sftp-exporter/internal/validation/validator.go:73.69,74.16 1 0
advanced-sftp-exporter/internal/validation/validator.go:74.16,76.3 1 0
advanced-sftp-exporter/internal/validation/validator.go:78.2,79.16 2 0
advanced-sftp-exporter/internal/validation/validator.go:79.16,81.3 1 0
advanced-sftp-exporter/internal/validation/validator.go:83.2,83.18 1 0
advanced-sftp-exporter/internal/validation/validator.go:83.18,85.3 1 0
advanced-sftp-exporter/internal/validation/validator.go:87.2,87.48 1 0
advanced-sftp-exporter/internal/validation/validator.go:87.48,89.3 1 0
advanced-sftp-exporter/internal/validation/validator.go:91.2,91.12 1 0
advanced-sftp-exporter/internal/validation/validator.go:95.74,96.20 1 0
advanced-sftp-exporter/internal/validation/validator.go:96.20,98.3 1 0
advanced-sftp-exporter/internal/validation/validator.go:100.2,100.39 1 0
advanced-sftp-exporter/internal/validation/validator.go:100.39,102.3 1 0
advanced-sftp-exporter/internal/validation/validator.go:104.2,104.12 1 0
advanced-sftp-exporter/internal/validation/validator.go:108.68,109.18 1 0
advanced-sftp-exporter/internal/validation/validator.go:109.18,111.3 1 0
advanced-sftp-exporter/internal/validation/validator.go:113.2,113.35 1 0
advanced-sftp-exporter/internal/validation/validator.go:113.35,115.3 1 0
advanced-sftp-exporter/internal/validation/validator.go:117.2,117.12 1 0
advanced-sftp-exporter/internal/validation/validator.go:121.57,122.13 1 0
advanced-sftp-exporter/internal/validation/validator.go:122.13,124.3 1 0
advanced-sftp-exporter/internal/validation/validator.go:126.2,126.17 1 0
advanced-sftp-exporter/internal/validation/validator.go:126.17,128.3 1 0
advanced-sftp-exporter/internal/validation/validator.go:130.2,130.12 1 0
advanced-sftp-exporter/internal/validation/validator.go:134.70,135.19 1 0
advanced-sftp-exporter/internal/validation/validator.go:135.19,137.3 1 0
advanced-sftp-exporter/internal/validation/validator.go:139.2,139.42 1 0
advanced-sftp-exporter/internal/validation/validator.go:139.42,141.3 1 0
advanced-sftp-exporter/internal/validation/validator.go:144.2,144.70 1 0
advanced-sftp-exporter/internal/validation/validator.go:144.70,146.3 1 0
advanced-sftp-exporter/internal/validation/validator.go:148.2,148.73 1 0
advanced-sftp-exporter/internal/validation/validator.go:148.73,150.3 1 0
advanced-sftp-exporter/internal/validation/validator.go:153.2,153.51 1 0
advanced-sftp-exporter/internal/validation/validator.go:153.51,155.3 1 0
advanced-sftp-exporter/internal/validation/validator.go:157.2,157.12 1 0
advanced-sftp-exporter/internal/validation/validator.go:161.69,162.19 1 0
advanced-sftp-exporter/internal/validation/validator.go:162.19,164.3 1 0
advanced-sftp-exporter/internal/validation/validator.go:167.2,167.24 1 0
advanced-sftp-exporter/internal/validation/validator.go:167.24,169.3 1 0
advanced-sftp-exporter/internal/validation/validator.go:172.2,173.16 2 0
advanced-sftp-exporter/internal/validation/validator.go:173.16,175.3 1 0
advanced-sftp-exporter/internal/validation/validator.go:177.2,177.12 1 0
advanced-sftp-exporter/internal/validation/validator.go:181.68,182.16 1 0
advanced-sftp-exporter/internal/validation/validator.go:182.16,184.3 1 0
advanced-sftp-exporter/internal/validation/validator.go:187.2,187.21 1 0
advanced-sftp-exporter/internal/validation/validator.go:187.21,189.3 1 0
advanced-sftp-exporter/internal/validation/validator.go:192.2,192.20 1 0
advanced-sftp-exporter/internal/validation/validator.go:192.20,195.26 2 0
advanced-sftp-exporter/internal/validation/validator.go:195.26,196.16 1 0
advanced-sftp-exporter/internal/validation/validator.go:196.16,198.10 2 0
advanced-sftp-exporter/internal/validation/validator.go:201.3,201.16 1 0
advanced-sftp-exporter/internal/validation/validator.go:201.16,203.4 1 0
advanced-sftp-exporter/internal/validation/validator.go:206.2,206.12 1 0
advanced-sftp-exporter/internal/validation/validator.go:210.67,211.17 1 0
advanced-sftp-exporter/internal/validation/validator.go:211.17,213.3 1 0
advanced-sftp-exporter/internal/validation/validator.go:215.2,215.21 1 0
advanced-sftp-exporter/internal/validation/validator.go:215.21,217.3 1 0
advanced-sftp-exporter/internal/validation/validator.go:219.2,219.22 1 0
advanced-sftp-exporter/internal/validation/validator.go:219.22,221.3 1 0
advanced-sftp-exporter/internal/validation/validator.go:223.2,223.12 1 0
advanced-sftp-exporter/internal/validation/validator.go:227.43,229.16 2 0
advanced-sftp-exporter/internal/validation/validator.go:229.16,231.3 1 0
advanced-sftp-exporter/internal/validation/validator.go:232.2,233.12 2 0
advanced-sftp-exporter/internal/validation/validator.go:237.76,238.37 1 0
advanced-sftp-exporter/internal/validation/validator.go:238.37,240.3 1 0
advanced-sftp-exporter/internal/validation/validator.go:242.2,242.25 1 0
advanced-sftp-exporter/internal/validation/validator.go:242.25,244.3 1 0
advanced-sftp-exporter/internal/validation/validator.go:247.2,247.45 1 0
advanced-sftp-exporter/internal/validation/validator.go:247.45,249.3 1 0
advanced-sftp-exporter/internal/validation/validator.go:251.2,251.52 1 0
advanced-sftp-exporter/internal/validation/validator.go:251.52,253.3 1 0
advanced-sftp-exporter/internal/validation/validator.go:256.2,256.44 1 0
advanced-sftp-exporter/internal/validation/validator.go:256.44,258.3 1 0
advanced-sftp-exporter/internal/validation/validator.go:260.2,260.51 1 0
advanced-sftp-exporter/internal/validation/validator.go:260.51,262.3 1 0
advanced-sftp-exporter/internal/validation/validator.go:264.2,264.12 1 0
advanced-sftp-exporter/internal/validation/validator.go:268.82,269.19 1 0
advanced-sftp-exporter/internal/validation/validator.go:269.19,271.3 1 0
advanced-sftp-exporter/internal/validation/validator.go:274.2,279.62 1 0
advanced-sftp-exporter/internal/validation/validator.go:279.62,280.31 1 0
advanced-sftp-exporter/internal/validation/validator.go:280.31,282.5 1 0
advanced-sftp-exporter/internal/validation/validator.go:283.4,283.50 1 0
advanced-sftp-exporter/internal/validation/validator.go:285.64,286.31 1 0
advanced-sftp-exporter/internal/validation/validator.go:286.31,288.5 1 0
advanced-sftp-exporter/internal/validation/validator.go:289.4,289.51 1 0
advanced-sftp-exporter/internal/validation/validator.go:291.60,292.28 1 0
advanced-sftp-exporter/internal/validation/validator.go:292.28,294.5 1 0
advanced-sftp-exporter/internal/validation/validator.go:295.4,295.51 1 0
advanced-sftp-exporter/internal/validation/validator.go:299.2,299.31 1 0
advanced-sftp-exporter/internal/validation/validator.go:299.31,300.25 1 0
advanced-sftp-exporter/internal/validation/validator.go:300.25,301.54 1 0
advanced-sftp-exporter/internal/validation/validator.go:301.54,303.5 1 0
advanced-sftp-exporter/internal/validation/validator.go:307.2,307.12 1 0
advanced-sftp-exporter/internal/config/config.go:76.33,109.2 1 6
advanced-sftp-exporter/internal/config/config.go:112.38,114.59 1 1
advanced-sftp-exporter/internal/config/config.go:114.59,116.3 1 0
advanced-sftp-exporter/internal/config/config.go:117.2,117.60 1 1
advanced-sftp-exporter/internal/config/config.go:117.60,119.3 1 0
advanced-sftp-exporter/internal/config/config.go:120.2,120.61 1 1
advanced-sftp-exporter/internal/config/config.go:120.61,122.3 1 0
advanced-sftp-exporter/internal/config/config.go:123.2,123.62 1 1
advanced-sftp-exporter/internal/config/config.go:123.62,125.3 1 0
advanced-sftp-exporter/internal/config/config.go:128.2,128.66 1 1
advanced-sftp-exporter/internal/config/config.go:128.66,130.17 2 0
advanced-sftp-exporter/internal/config/config.go:130.17,132.4 1 0
advanced-sftp-exporter/internal/config/config.go:133.3,133.41 1 0
advanced-sftp-exporter/internal/config/config.go:137.2,137.65 1 1
advanced-sftp-exporter/internal/config/config.go:137.65,139.17 2 0
advanced-sftp-exporter/internal/config/config.go:139.17,141.4 1 0
advanced-sftp-exporter/internal/config/config.go:142.3,142.43 1 0
advanced-sftp-exporter/internal/config/config.go:146.2,146.65 1 1
advanced-sftp-exporter/internal/config/config.go:146.65,148.3 1 1
advanced-sftp-exporter/internal/config/config.go:149.2,149.63 1 1
advanced-sftp-exporter/internal/config/config.go:149.63,151.3 1 0
advanced-sftp-exporter/internal/config/config.go:154.2,154.60 1 1
advanced-sftp-exporter/internal/config/config.go:154.60,156.3 1 1
advanced-sftp-exporter/internal/config/config.go:157.2,157.59 1 1
advanced-sftp-exporter/internal/config/config.go:157.59,159.3 1 0
advanced-sftp-exporter/internal/config/config.go:161.2,161.12 1 1
advanced-sftp-exporter/internal/config/config.go:165.35,167.36 1 5
advanced-sftp-exporter/internal/config/config.go:167.36,169.3 1 1
advanced-sftp-exporter/internal/config/config.go:170.2,170.37 1 4
advanced-sftp-exporter/internal/config/config.go:170.37,172.3 1 0
advanced-sftp-exporter/internal/config/config.go:173.2,173.39 1 4
advanced-sftp-exporter/internal/config/config.go:173.39,175.3 1 0
advanced-sftp-exporter/internal/config/config.go:178.2,178.39 1 4
advanced-sftp-exporter/internal/config/config.go:178.39,180.3 1 1
advanced-sftp-exporter/internal/config/config.go:183.2,183.45 1 3
advanced-sftp-exporter/internal/config/config.go:183.45,185.3 1 1
advanced-sftp-exporter/internal/config/config.go:186.2,186.35 1 2
advanced-sftp-exporter/internal/config/config.go:186.35,188.3 1 0
advanced-sftp-exporter/internal/config/config.go:191.2,191.31 1 2
advanced-sftp-exporter/internal/config/config.go:191.31,193.3 1 0
advanced-sftp-exporter/internal/config/config.go:194.2,194.48 1 2
advanced-sftp-exporter/internal/config/config.go:194.48,196.3 1 0
advanced-sftp-exporter/internal/config/config.go:199.2,200.80 2 2
advanced-sftp-exporter/internal/config/config.go:200.80,202.3 1 0
advanced-sftp-exporter/internal/config/config.go:204.2,204.12 1 2
advanced-sftp-exporter/internal/config/config.go:208.64,212.2 3 0
advanced-sftp-exporter/internal/monitor/base.go:20.47,27.2 1 2
advanced-sftp-exporter/internal/monitor/base.go:30.46,37.33 5 6
advanced-sftp-exporter/internal/monitor/base.go:37.33,39.3 1 6
advanced-sftp-exporter/internal/monitor/base.go:39.8,43.3 2 0
advanced-sftp-exporter/internal/monitor/base.go:46.2,46.24 1 6
advanced-sftp-exporter/internal/monitor/base.go:46.24,48.3 1 2
advanced-sftp-exporter/internal/monitor/base.go:52.39,59.2 5 1
advanced-sftp-exporter/internal/monitor/base.go:62.44,66.2 3 0
advanced-sftp-exporter/internal/monitor/base.go:69.43,73.2 3 5
advanced-sftp-exporter/internal/monitor/base.go:76.47,83.2 5 2
advanced-sftp-exporter/internal/monitor/base.go:86.40,88.2 1 0
advanced-sftp-exporter/internal/monitor/base.go:91.48,95.2 3 0
advanced-sftp-exporter/internal/monitor/errors.go:6.53,8.2 1 1
advanced-sftp-exporter/internal/monitor/errors.go:11.58,13.2 1 4
advanced-sftp-exporter/internal/monitor/errors.go:16.57,18.2 1 0
advanced-sftp-exporter/internal/monitor/health.go:29.40,40.18 2 0
advanced-sftp-exporter/internal/monitor/health.go:40.18,42.4 1 0
advanced-sftp-exporter/internal/monitor/health.go:46.2,51.18 1 0
advanced-sftp-exporter/internal/monitor/health.go:51.18,55.4 3 0
advanced-sftp-exporter/internal/monitor/health.go:59.2,64.18 1 0
advanced-sftp-exporter/internal/monitor/health.go:64.18,66.4 1 0
advanced-sftp-exporter/internal/monitor/health.go:70.2,94.11 4 0
advanced-sftp-exporter/internal/monitor/health.go:98.58,100.25 2 0
advanced-sftp-exporter/internal/monitor/health.go:100.25,110.17 8 0
advanced-sftp-exporter/internal/monitor/health.go:110.17,113.4 2 0
advanced-sftp-exporter/internal/monitor/health.go:118.49,121.2 2 0
advanced-sftp-exporter/internal/monitor/health.go:124.62,133.2 1 0
advanced-sftp-exporter/internal/monitor/health.go:136.60,152.2 5 0
advanced-sftp-exporter/internal/monitor/interface.go:35.30,39.2 1 1
advanced-sftp-exporter/internal/monitor/interface.go:42.52,44.43 2 2
advanced-sftp-exporter/internal/monitor/interface.go:44.43,46.3 1 1
advanced-sftp-exporter/internal/monitor/interface.go:47.2,48.12 2 1
advanced-sftp-exporter/internal/monitor/interface.go:52.56,54.34 2 0
advanced-sftp-exporter/internal/monitor/interface.go:54.34,55.38 1 0
advanced-sftp-exporter/internal/monitor/interface.go:55.38,57.4 1 0
advanced-sftp-exporter/internal/monitor/interface.go:59.2,59.19 1 0
advanced-sftp-exporter/internal/monitor/interface.go:59.19,61.3 1 0
advanced-sftp-exporter/internal/monitor/interface.go:62.2,62.12 1 0
advanced-sftp-exporter/internal/monitor/interface.go:66.55,68.34 2 0
advanced-sftp-exporter/internal/monitor/interface.go:68.34,69.37 1 0
advanced-sftp-exporter/internal/monitor/interface.go:69.37,71.4 1 0
advanced-sftp-exporter/internal/monitor/interface.go:73.2,73.19 1 0
advanced-sftp-exporter/internal/monitor/interface.go:73.19,75.3 1 0
advanced-sftp-exporter/internal/monitor/interface.go:76.2,76.12 1 0
advanced-sftp-exporter/internal/monitor/interface.go:80.52,82.2 1 1
advanced-sftp-exporter/internal/monitor/interface.go:85.56,87.2 1 0
advanced-sftp-exporter/internal/monitor/interface.go:90.54,92.34 2 1
advanced-sftp-exporter/internal/monitor/interface.go:92.34,94.3 1 1
advanced-sftp-exporter/internal/monitor/interface.go:95.2,95.15 1 1
advanced-sftp-exporter/internal/monitor/interface.go:99.62,101.31 2 0
advanced-sftp-exporter/internal/monitor/interface.go:101.31,103.3 1 0
advanced-sftp-exporter/internal/monitor/interface.go:104.2,104.19 1 0
